Archive member included to satisfy reference by file (symbol)

/Applications/STM32CubeIDE.app/Contents/Eclipse/plugins/com.st.stm32cube.ide.mcu.externaltools.gnu-tools-for-stm32.10.3-2021.10.macos64_1.0.0.202111181127/tools/bin/../lib/gcc/arm-none-eabi/10.3.1/../../../../arm-none-eabi/lib/thumb/v7e-m+dp/hard/libc_nano.a(lib_a-errno.o)
                              ./Core/Src/syscalls.o (__errno)
/Applications/STM32CubeIDE.app/Contents/Eclipse/plugins/com.st.stm32cube.ide.mcu.externaltools.gnu-tools-for-stm32.10.3-2021.10.macos64_1.0.0.202111181127/tools/bin/../lib/gcc/arm-none-eabi/10.3.1/../../../../arm-none-eabi/lib/thumb/v7e-m+dp/hard/libc_nano.a(lib_a-exit.o)
                              /Applications/STM32CubeIDE.app/Contents/Eclipse/plugins/com.st.stm32cube.ide.mcu.externaltools.gnu-tools-for-stm32.10.3-2021.10.macos64_1.0.0.202111181127/tools/bin/../lib/gcc/arm-none-eabi/10.3.1/../../../../arm-none-eabi/lib/thumb/v7e-m+dp/hard/crt0.o (exit)
/Applications/STM32CubeIDE.app/Contents/Eclipse/plugins/com.st.stm32cube.ide.mcu.externaltools.gnu-tools-for-stm32.10.3-2021.10.macos64_1.0.0.202111181127/tools/bin/../lib/gcc/arm-none-eabi/10.3.1/../../../../arm-none-eabi/lib/thumb/v7e-m+dp/hard/libc_nano.a(lib_a-impure.o)
                              /Applications/STM32CubeIDE.app/Contents/Eclipse/plugins/com.st.stm32cube.ide.mcu.externaltools.gnu-tools-for-stm32.10.3-2021.10.macos64_1.0.0.202111181127/tools/bin/../lib/gcc/arm-none-eabi/10.3.1/../../../../arm-none-eabi/lib/thumb/v7e-m+dp/hard/libc_nano.a(lib_a-exit.o) (_global_impure_ptr)
/Applications/STM32CubeIDE.app/Contents/Eclipse/plugins/com.st.stm32cube.ide.mcu.externaltools.gnu-tools-for-stm32.10.3-2021.10.macos64_1.0.0.202111181127/tools/bin/../lib/gcc/arm-none-eabi/10.3.1/../../../../arm-none-eabi/lib/thumb/v7e-m+dp/hard/libc_nano.a(lib_a-init.o)
                              /Applications/STM32CubeIDE.app/Contents/Eclipse/plugins/com.st.stm32cube.ide.mcu.externaltools.gnu-tools-for-stm32.10.3-2021.10.macos64_1.0.0.202111181127/tools/bin/../lib/gcc/arm-none-eabi/10.3.1/../../../../arm-none-eabi/lib/thumb/v7e-m+dp/hard/crt0.o (__libc_init_array)
/Applications/STM32CubeIDE.app/Contents/Eclipse/plugins/com.st.stm32cube.ide.mcu.externaltools.gnu-tools-for-stm32.10.3-2021.10.macos64_1.0.0.202111181127/tools/bin/../lib/gcc/arm-none-eabi/10.3.1/../../../../arm-none-eabi/lib/thumb/v7e-m+dp/hard/libc_nano.a(lib_a-memset.o)
                              /Applications/STM32CubeIDE.app/Contents/Eclipse/plugins/com.st.stm32cube.ide.mcu.externaltools.gnu-tools-for-stm32.10.3-2021.10.macos64_1.0.0.202111181127/tools/bin/../lib/gcc/arm-none-eabi/10.3.1/../../../../arm-none-eabi/lib/thumb/v7e-m+dp/hard/crt0.o (memset)
/Applications/STM32CubeIDE.app/Contents/Eclipse/plugins/com.st.stm32cube.ide.mcu.externaltools.gnu-tools-for-stm32.10.3-2021.10.macos64_1.0.0.202111181127/tools/bin/../lib/gcc/arm-none-eabi/10.3.1/../../../../arm-none-eabi/lib/thumb/v7e-m+dp/hard/libc_nano.a(lib_a-sprintf.o)
                              ./Core/Src/main.o (sprintf)
/Applications/STM32CubeIDE.app/Contents/Eclipse/plugins/com.st.stm32cube.ide.mcu.externaltools.gnu-tools-for-stm32.10.3-2021.10.macos64_1.0.0.202111181127/tools/bin/../lib/gcc/arm-none-eabi/10.3.1/../../../../arm-none-eabi/lib/thumb/v7e-m+dp/hard/libc_nano.a(lib_a-strlen.o)
                              ./Core/Src/main.o (strlen)
/Applications/STM32CubeIDE.app/Contents/Eclipse/plugins/com.st.stm32cube.ide.mcu.externaltools.gnu-tools-for-stm32.10.3-2021.10.macos64_1.0.0.202111181127/tools/bin/../lib/gcc/arm-none-eabi/10.3.1/../../../../arm-none-eabi/lib/thumb/v7e-m+dp/hard/libc_nano.a(lib_a-nano-svfprintf.o)
                              /Applications/STM32CubeIDE.app/Contents/Eclipse/plugins/com.st.stm32cube.ide.mcu.externaltools.gnu-tools-for-stm32.10.3-2021.10.macos64_1.0.0.202111181127/tools/bin/../lib/gcc/arm-none-eabi/10.3.1/../../../../arm-none-eabi/lib/thumb/v7e-m+dp/hard/libc_nano.a(lib_a-sprintf.o) (_svfprintf_r)
/Applications/STM32CubeIDE.app/Contents/Eclipse/plugins/com.st.stm32cube.ide.mcu.externaltools.gnu-tools-for-stm32.10.3-2021.10.macos64_1.0.0.202111181127/tools/bin/../lib/gcc/arm-none-eabi/10.3.1/../../../../arm-none-eabi/lib/thumb/v7e-m+dp/hard/libc_nano.a(lib_a-nano-vfprintf_i.o)
                              /Applications/STM32CubeIDE.app/Contents/Eclipse/plugins/com.st.stm32cube.ide.mcu.externaltools.gnu-tools-for-stm32.10.3-2021.10.macos64_1.0.0.202111181127/tools/bin/../lib/gcc/arm-none-eabi/10.3.1/../../../../arm-none-eabi/lib/thumb/v7e-m+dp/hard/libc_nano.a(lib_a-nano-svfprintf.o) (_printf_i)
/Applications/STM32CubeIDE.app/Contents/Eclipse/plugins/com.st.stm32cube.ide.mcu.externaltools.gnu-tools-for-stm32.10.3-2021.10.macos64_1.0.0.202111181127/tools/bin/../lib/gcc/arm-none-eabi/10.3.1/../../../../arm-none-eabi/lib/thumb/v7e-m+dp/hard/libc_nano.a(lib_a-memchr.o)
[...]
Memory Configuration

Name             Origin             Length             Attributes
RAM_D1           0x0000000024000000 0x0000000000080000 xrw
FLASH            0x0000000008000000 0x0000000000100000 xr
DTCMRAM          0x0000000020000000 0x0000000000020000 xrw
RAM_D2           0x0000000030000000 0x0000000000048000 xrw
RAM_D3           0x0000000038000000 0x0000000000010000 xrw
ITCMRAM          0x0000000000000000 0x0000000000010000 xrw
*default*        0x0000000000000000 0xffffffffffffffff

Linker script and memory map

LOAD /Applications/STM32CubeIDE.app/Contents/Eclipse/plugins/com.st.stm32cube.ide.mcu.externaltools.gnu-tools-for-stm32.10.3-2021.10.macos64_1.0.0.202111181127/tools/bin/../lib/gcc/arm-none-eabi/10.3.1/thumb/v7e-m+dp/hard/crti.o
LOAD /Applications/STM32CubeIDE.app/Contents/Eclipse/plugins/com.st.stm32cube.ide.mcu.externaltools.gnu-tools-for-stm32.10.3-2021.10.macos64_1.0.0.202111181127/tools/bin/../lib/gcc/arm-none-eabi/10.3.1/thumb/v7e-m+dp/hard/crtbegin.o
LOAD /Applications/STM32CubeIDE.app/Contents/Eclipse/plugins/com.st.stm32cube.ide.mcu.externaltools.gnu-tools-for-stm32.10.3-2021.10.macos64_1.0.0.202111181127/tools/bin/../lib/gcc/arm-none-eabi/10.3.1/../../../../arm-none-eabi/lib/thumb/v7e-m+dp/hard/crt0.o
LOAD ./Common/Src/system_stm32h7xx_dualcore_boot_cm4_cm7.o
LOAD ./Core/Src/main.o
LOAD ./Core/Src/stm32h7xx_hal_msp.o
LOAD ./Core/Src/stm32h7xx_it.o
LOAD ./Core/Src/syscalls.o
LOAD ./Core/Src/sysmem.o
LOAD ./Core/Startup/startup_stm32h745xihx.o
LOAD ./Drivers/STM32H7xx_HAL_Driver/stm32h7xx_hal.o
LOAD ./Drivers/STM32H7xx_HAL_Driver/stm32h7xx_hal_cortex.o
LOAD ./Drivers/STM32H7xx_HAL_Driver/stm32h7xx_hal_dma.o
LOAD ./Drivers/STM32H7xx_HAL_Driver/stm32h7xx_hal_dma_ex.o
LOAD ./Drivers/STM32H7xx_HAL_Driver/stm32h7xx_hal_exti.o
LOAD ./Drivers/STM32H7xx_HAL_Driver/stm32h7xx_hal_flash.o
LOAD ./Drivers/STM32H7xx_HAL_Driver/stm32h7xx_hal_flash_ex.o
LOAD ./Drivers/STM32H7xx_HAL_Driver/stm32h7xx_hal_gpio.o
LOAD ./Drivers/STM32H7xx_HAL_Driver/stm32h7xx_hal_hsem.o
LOAD ./Drivers/STM32H7xx_HAL_Driver/stm32h7xx_hal_i2c.o
LOAD ./Drivers/STM32H7xx_HAL_Driver/stm32h7xx_hal_i2c_ex.o
LOAD ./Drivers/STM32H7xx_HAL_Driver/stm32h7xx_hal_mdma.o
LOAD ./Drivers/STM32H7xx_HAL_Driver/stm32h7xx_hal_pwr.o
LOAD ./Drivers/STM32H7xx_HAL_Driver/stm32h7xx_hal_pwr_ex.o
LOAD ./Drivers/STM32H7xx_HAL_Driver/stm32h7xx_hal_rcc.o
LOAD ./Drivers/STM32H7xx_HAL_Driver/stm32h7xx_hal_rcc_ex.o
LOAD ./Drivers/STM32H7xx_HAL_Driver/stm32h7xx_hal_rtc.o
LOAD ./Drivers/STM32H7xx_HAL_Driver/stm32h7xx_hal_rtc_ex.o
LOAD ./Drivers/STM32H7xx_HAL_Driver/stm32h7xx_hal_tim.o
LOAD ./Drivers/STM32H7xx_HAL_Driver/stm32h7xx_hal_tim_ex.o
LOAD ./Drivers/STM32H7xx_HAL_Driver/stm32h7xx_hal_uart.o
LOAD ./Drivers/STM32H7xx_HAL_Driver/stm32h7xx_hal_uart_ex.o
START GROUP
LOAD /Applications/STM32CubeIDE.app/Contents/Eclipse/plugins/com.st.stm32cube.ide.mcu.externaltools.gnu-tools-for-stm32.10.3-2021.10.macos64_1.0.0.202111181127/tools/bin/../lib/gcc/arm-none-eabi/10.3.1/../../../../arm-none-eabi/lib/thumb/v7e-m+dp/hard/libc_nano.a
LOAD /Applications/STM32CubeIDE.app/Contents/Eclipse/plugins/com.st.stm32cube.ide.mcu.externaltools.gnu-tools-for-stm32.10.3-2021.10.macos64_1.0.0.202111181127/tools/bin/../lib/gcc/arm-none-eabi/10.3.1/../../../../arm-none-eabi/lib/thumb/v7e-m+dp/hard/libm.a
END GROUP
START GROUP
LOAD /Applications/STM32CubeIDE.app/Contents/Eclipse/plugins/com.st.stm32cube.ide.mcu.externaltools.gnu-tools-for-stm32.10.3-2021.10.macos64_1.0.0.202111181127/tools/bin/../lib/gcc/arm-none-eabi/10.3.1/thumb/v7e-m+dp/hard/libgcc.a
LOAD /Applications/STM32CubeIDE.app/Contents/Eclipse/plugins/com.st.stm32cube.ide.mcu.externaltools.gnu-tools-for-stm32.10.3-2021.10.macos64_1.0.0.202111181127/tools/bin/../lib/gcc/arm-none-eabi/10.3.1/../../../../arm-none-eabi/lib/thumb/v7e-m+dp/hard/libc_nano.a
END GROUP
START GROUP
LOAD /Applications/STM32CubeIDE.app/Contents/Eclipse/plugins/com.st.stm32cube.ide.mcu.externaltools.gnu-tools-for-stm32.10.3-2021.10.macos64_1.0.0.202111181127/tools/bin/../lib/gcc/arm-none-eabi/10.3.1/thumb/v7e-m+dp/hard/libgcc.a
LOAD /Applications/STM32CubeIDE.app/Contents/Eclipse/plugins/com.st.stm32cube.ide.mcu.externaltools.gnu-tools-for-stm32.10.3-2021.10.macos64_1.0.0.202111181127/tools/bin/../lib/gcc/arm-none-eabi/10.3.1/../../../../arm-none-eabi/lib/thumb/v7e-m+dp/hard/libc_nano.a
LOAD /Applications/STM32CubeIDE.app/Contents/Eclipse/plugins/com.st.stm32cube.ide.mcu.externaltools.gnu-tools-for-stm32.10.3-2021.10.macos64_1.0.0.202111181127/tools/bin/../lib/gcc/arm-none-eabi/10.3.1/../../../../arm-none-eabi/lib/thumb/v7e-m+dp/hard/libnosys.a
END GROUP
START GROUP
LOAD /Applications/STM32CubeIDE.app/Contents/Eclipse/plugins/com.st.stm32cube.ide.mcu.externaltools.gnu-tools-for-stm32.10.3-2021.10.macos64_1.0.0.202111181127/tools/bin/../lib/gcc/arm-none-eabi/10.3.1/thumb/v7e-m+dp/hard/libgcc.a
LOAD /Applications/STM32CubeIDE.app/Contents/Eclipse/plugins/com.st.stm32cube.ide.mcu.externaltools.gnu-tools-for-stm32.10.3-2021.10.macos64_1.0.0.202111181127/tools/bin/../lib/gcc/arm-none-eabi/10.3.1/../../../../arm-none-eabi/lib/thumb/v7e-m+dp/hard/libc_nano.a
LOAD /Applications/STM32CubeIDE.app/Contents/Eclipse/plugins/com.st.stm32cube.ide.mcu.externaltools.gnu-tools-for-stm32.10.3-2021.10.macos64_1.0.0.202111181127/tools/bin/../lib/gcc/arm-none-eabi/10.3.1/../../../../arm-none-eabi/lib/thumb/v7e-m+dp/hard/libnosys.a
END GROUP
LOAD /Applications/STM32CubeIDE.app/Contents/Eclipse/plugins/com.st.stm32cube.ide.mcu.externaltools.gnu-tools-for-stm32.10.3-2021.10.macos64_1.0.0.202111181127/tools/bin/../lib/gcc/arm-none-eabi/10.3.1/thumb/v7e-m+dp/hard/crtend.o
LOAD /Applications/STM32CubeIDE.app/Contents/Eclipse/plugins/com.st.stm32cube.ide.mcu.externaltools.gnu-tools-for-stm32.10.3-2021.10.macos64_1.0.0.202111181127/tools/bin/../lib/gcc/arm-none-eabi/10.3.1/thumb/v7e-m+dp/hard/crtn.o
                0x0000000024080000                _estack = (ORIGIN (RAM_D1) + LENGTH (RAM_D1))
                0x0000000000000200                _Min_Heap_Size = 0x200
                0x0000000000000400                _Min_Stack_Size = 0x400

.isr_vector     0x0000000008000000      0x298
                0x0000000008000000                . = ALIGN (0x4)
 *(.isr_vector)
 .isr_vector    0x0000000008000000      0x298 ./Core/Startup/startup_stm32h745xihx.o
                0x0000000008000000                g_pfnVectors
                0x0000000008000298                . = ALIGN (0x4)

.text           0x00000000080002a0     0xb210
                0x00000000080002a0                . = ALIGN (0x4)
 *(.text)
 .text          0x00000000080002a0       0x40 /Applications/STM32CubeIDE.app/Contents/Eclipse/plugins/com.st.stm32cube.ide.mcu.externaltools.gnu-tools-for-stm32.10.3-2021.10.macos64_1.0.0.202111181127/tools/bin/../lib/gcc/arm-none-eabi/10.3.1/thumb/v7e-m+dp/hard/crtbegin.o
 .text          0x00000000080002e0       0x10 /Applications/STM32CubeIDE.app/Contents/Eclipse/plugins/com.st.stm32cube.ide.mcu.externaltools.gnu-tools-for-stm32.10.3-2021.10.macos64_1.0.0.202111181127/tools/bin/../lib/gcc/arm-none-eabi/10.3.1/../../../../arm-none-eabi/lib/thumb/v7e-m+dp/hard/libc_nano.a(lib_a-strlen.o)
                0x00000000080002e0                strlen
 .text          0x00000000080002f0       0xa0 /Applications/STM32CubeIDE.app/Contents/Eclipse/plugins/com.st.stm32cube.ide.mcu.externaltools.gnu-tools-for-stm32.10.3-2021.10.macos64_1.0.0.202111181127/tools/bin/../lib/gcc/arm-none-eabi/10.3.1/../../../../arm-none-eabi/lib/thumb/v7e-m+dp/hard/libc_nano.a(lib_a-memchr.o)
                0x00000000080002f0                memchr
 .text          0x0000000008000390       0x30 /Applications/STM32CubeIDE.app/Contents/Eclipse/plugins/com.st.stm32cube.ide.mcu.externaltools.gnu-tools-for-stm32.10.3-2021.10.macos64_1.0.0.202111181127/tools/bin/../lib/gcc/arm-none-eabi/10.3.1/thumb/v7e-m+dp/hard/libgcc.a(_aeabi_uldivmod.o)
                0x0000000008000390                __aeabi_uldivmod
 .text          0x00000000080003c0      0x2d0 /Applications/STM32CubeIDE.app/Contents/Eclipse/plugins/com.st.stm32cube.ide.mcu.externaltools.gnu-tools-for-stm32.10.3-2021.10.macos64_1.0.0.202111181127/tools/bin/../lib/gcc/arm-none-eabi/10.3.1/thumb/v7e-m+dp/hard/libgcc.a(_udivmoddi4.o)
                0x00000000080003c0                __udivmoddi4
 .text          0x0000000008000690        0x4 /Applications/STM32CubeIDE.app/Contents/Eclipse/plugins/com.st.stm32cube.ide.mcu.externaltools.gnu-tools-for-stm32.10.3-2021.10.macos64_1.0.0.202111181127/tools/bin/../lib/gcc/arm-none-eabi/10.3.1/thumb/v7e-m+dp/hard/libgcc.a(_dvmd_tls.o)
                0x0000000008000690                __aeabi_ldiv0
                0x0000000008000690                __aeabi_idiv0
 *(.text*)
 .text.SystemInit
                0x0000000008000694      0x12c ./Common/Src/system_stm32h7xx_dualcore_boot_cm4_cm7.o
                0x0000000008000694                SystemInit
 .text.DMA2_Stream0_IRQHandler
                0x00000000080007c0       0xcc ./Core/Src/main.o
                0x00000000080007c0                DMA2_Stream0_IRQHandler
 .text.TIM5_IRQHandler
                0x000000000800088c       0x4c ./Core/Src/main.o
                0x000000000800088c                TIM5_IRQHandler
 .text.TIM4_IRQHandler
                0x00000000080008d8       0x20 ./Core/Src/main.o
                0x00000000080008d8                TIM4_IRQHandler
 .text.set_time
                0x00000000080008f8       0x74 ./Core/Src/main.o
                0x00000000080008f8                set_time
 .text.set_alarm
                0x000000000800096c       0x64 ./Core/Src/main.o
                0x000000000800096c                set_alarm
 .text.HAL_RTC_AlarmAEventCallback
                0x00000000080009d0       0x20 ./Core/Src/main.o
                0x00000000080009d0                HAL_RTC_AlarmAEventCallback
 .text.main     0x00000000080009f0      0x124 ./Core/Src/main.o
                0x00000000080009f0                main
 .text.SystemClock_Config
                0x0000000008000b14       0xf8 ./Core/Src/main.o
                0x0000000008000b14                SystemClock_Config
 .text.MX_RTC_Init
                0x0000000008000c0c       0x6c ./Core/Src/main.o
 .text.MX_TIM1_Init
                0x0000000008000c78      0x158 ./Core/Src/main.o
 .text.MX_TIM4_Init
                0x0000000008000dd0       0xa0 ./Core/Src/main.o
 .text.MX_TIM5_Init
                0x0000000008000e70       0xa0 ./Core/Src/main.o
 .text.MX_USART3_UART_Init
                0x0000000008000f10       0x98 ./Core/Src/main.o
 .text.MX_DMA_Init
                0x0000000008000fa8      0x140 ./Core/Src/main.o
 .text.MX_GPIO_Init
                0x00000000080010e8      0x130 ./Core/Src/main.o
 .text.MPU_Config
                0x0000000008001218       0x5c ./Core/Src/main.o
 .text.Error_Handler
                0x0000000008001274        0xa ./Core/Src/main.o
                0x0000000008001274                Error_Handler
 *fill*         0x000000000800127e        0x2 
 .text.HAL_MspInit
                0x0000000008001280       0x34 ./Core/Src/stm32h7xx_hal_msp.o
                0x0000000008001280                HAL_MspInit
 .text.HAL_RTC_MspInit
                0x00000000080012b4       0x70 ./Core/Src/stm32h7xx_hal_msp.o
                0x00000000080012b4                HAL_RTC_MspInit
 .text.HAL_TIM_Base_MspInit
                0x0000000008001324      0x134 ./Core/Src/stm32h7xx_hal_msp.o
                0x0000000008001324                HAL_TIM_Base_MspInit
 .text.HAL_TIM_MspPostInit
                0x0000000008001458       0x78 ./Core/Src/stm32h7xx_hal_msp.o
                0x0000000008001458                HAL_TIM_MspPostInit
 .text.HAL_UART_MspInit
                0x00000000080014d0       0xdc ./Core/Src/stm32h7xx_hal_msp.o
                0x00000000080014d0                HAL_UART_MspInit
 .text.NMI_Handler
                0x00000000080015ac        0x6 ./Core/Src/stm32h7xx_it.o
                0x00000000080015ac                NMI_Handler
 .text.HardFault_Handler
                0x00000000080015b2        0x6 ./Core/Src/stm32h7xx_it.o
                0x00000000080015b2                HardFault_Handler
 .text.MemManage_Handler
                0x00000000080015b8        0x6 ./Core/Src/stm32h7xx_it.o
                0x00000000080015b8                MemManage_Handler
 .text.BusFault_Handler
                0x00000000080015be        0x6 ./Core/Src/stm32h7xx_it.o
                0x00000000080015be                BusFault_Handler
 .text.UsageFault_Handler
                0x00000000080015c4        0x6 ./Core/Src/stm32h7xx_it.o
                0x00000000080015c4                UsageFault_Handler
 .text.SVC_Handler
                0x00000000080015ca        0xe ./Core/Src/stm32h7xx_it.o
                0x00000000080015ca                SVC_Handler
 .text.DebugMon_Handler
                0x00000000080015d8        0xe ./Core/Src/stm32h7xx_it.o
                0x00000000080015d8                DebugMon_Handler
 .text.PendSV_Handler
                0x00000000080015e6        0xe ./Core/Src/stm32h7xx_it.o
                0x00000000080015e6                PendSV_Handler
 .text.SysTick_Handler
                0x00000000080015f4        0xc ./Core/Src/stm32h7xx_it.o
                0x00000000080015f4                SysTick_Handler
 .text.TIM1_UP_IRQHandler
                0x0000000008001600       0x14 ./Core/Src/stm32h7xx_it.o
                0x0000000008001600                TIM1_UP_IRQHandler
 .text.USART3_IRQHandler
                0x0000000008001614       0x14 ./Core/Src/stm32h7xx_it.o
                0x0000000008001614                USART3_IRQHandler
 .text.RTC_Alarm_IRQHandler
                0x0000000008001628       0x14 ./Core/Src/stm32h7xx_it.o
                0x0000000008001628                RTC_Alarm_IRQHandler
 .text.DMA2_Stream1_IRQHandler
                0x000000000800163c       0x14 ./Core/Src/stm32h7xx_it.o
                0x000000000800163c                DMA2_Stream1_IRQHandler
 .text.DMA2_Stream2_IRQHandler
                0x0000000008001650       0x14 ./Core/Src/stm32h7xx_it.o
                0x0000000008001650                DMA2_Stream2_IRQHandler
 .text._sbrk    0x0000000008001664       0x6c ./Core/Src/sysmem.o
                0x0000000008001664                _sbrk
 .text.Reset_Handler
                0x00000000080016d0       0x50 ./Core/Startup/startup_stm32h745xihx.o
                0x00000000080016d0                Reset_Handler
 .text.Default_Handler
                0x0000000008001720        0x2 ./Core/Startup/startup_stm32h745xihx.o
                0x0000000008001720                DMA1_Stream3_IRQHandler
                0x0000000008001720                TIM8_CC_IRQHandler
                0x0000000008001720                HRTIM1_Master_IRQHandler
                0x0000000008001720                UART8_IRQHandler
                0x0000000008001720                SPI4_IRQHandler
                0x0000000008001720                TIM1_CC_IRQHandler
                0x0000000008001720                BDMA_Channel6_IRQHandler
                0x0000000008001720                DMA2_Stream5_IRQHandler
                0x0000000008001720                HRTIM1_FLT_IRQHandler
                0x0000000008001720                JPEG_IRQHandler
                0x0000000008001720                DMA1_Stream5_IRQHandler
                0x0000000008001720                BDMA_Channel1_IRQHandler
                0x0000000008001720                HRTIM1_TIMD_IRQHandler
                0x0000000008001720                TAMP_STAMP_IRQHandler
                0x0000000008001720                EXTI3_IRQHandler
                0x0000000008001720                LPTIM4_IRQHandler
                0x0000000008001720                TIM8_TRG_COM_TIM14_IRQHandler
                0x0000000008001720                LPTIM2_IRQHandler
                0x0000000008001720                DFSDM1_FLT1_IRQHandler
                0x0000000008001720                DMAMUX2_OVR_IRQHandler
                0x0000000008001720                TIM8_UP_TIM13_IRQHandler
                0x0000000008001720                I2C3_ER_IRQHandler
                0x0000000008001720                DFSDM1_FLT2_IRQHandler
                0x0000000008001720                MDMA_IRQHandler
                0x0000000008001720                LPTIM3_IRQHandler
                0x0000000008001720                HSEM1_IRQHandler
                0x0000000008001720                EXTI0_IRQHandler
                0x0000000008001720                I2C2_EV_IRQHandler
                0x0000000008001720                DMA1_Stream2_IRQHandler
                0x0000000008001720                FPU_IRQHandler
                0x0000000008001720                OTG_HS_WKUP_IRQHandler
                0x0000000008001720                FDCAN1_IT1_IRQHandler
                0x0000000008001720                LTDC_ER_IRQHandler
                0x0000000008001720                HRTIM1_TIME_IRQHandler
                0x0000000008001720                SPI1_IRQHandler
                0x0000000008001720                TIM6_DAC_IRQHandler
                0x0000000008001720                DCMI_IRQHandler
                0x0000000008001720                HRTIM1_TIMC_IRQHandler
                0x0000000008001720                DMA2_Stream3_IRQHandler
                0x0000000008001720                SAI2_IRQHandler
                0x0000000008001720                DFSDM1_FLT3_IRQHandler
                0x0000000008001720                USART6_IRQHandler
                0x0000000008001720                TIM17_IRQHandler
                0x0000000008001720                BDMA_Channel7_IRQHandler
                0x0000000008001720                LPTIM5_IRQHandler
                0x0000000008001720                UART5_IRQHandler
                0x0000000008001720                ADC3_IRQHandler
                0x0000000008001720                BDMA_Channel2_IRQHandler
                0x0000000008001720                QUADSPI_IRQHandler
                0x0000000008001720                I2C1_EV_IRQHandler
                0x0000000008001720                DMA1_Stream6_IRQHandler
                0x0000000008001720                DMAMUX1_OVR_IRQHandler
                0x0000000008001720                DMA1_Stream1_IRQHandler
                0x0000000008001720                TIM16_IRQHandler
                0x0000000008001720                UART4_IRQHandler
                0x0000000008001720                BDMA_Channel5_IRQHandler
                0x0000000008001720                TIM3_IRQHandler
                0x0000000008001720                RCC_IRQHandler
                0x0000000008001720                TIM8_BRK_TIM12_IRQHandler
                0x0000000008001720                TIM1_TRG_COM_IRQHandler
                0x0000000008001720                Default_Handler
                0x0000000008001720                ECC_IRQHandler
                0x0000000008001720                CEC_IRQHandler
                0x0000000008001720                EXTI15_10_IRQHandler
                0x0000000008001720                BDMA_Channel0_IRQHandler
                0x0000000008001720                ADC_IRQHandler
                0x0000000008001720                DMA1_Stream7_IRQHandler
                0x0000000008001720                HRTIM1_TIMA_IRQHandler
                0x0000000008001720                SPI5_IRQHandler
                0x0000000008001720                TIM7_IRQHandler
                0x0000000008001720                SDMMC1_IRQHandler
                0x0000000008001720                DMA2_Stream7_IRQHandler
                0x0000000008001720                TIM15_IRQHandler
                0x0000000008001720                PVD_AVD_IRQHandler
                0x0000000008001720                I2C3_EV_IRQHandler
                0x0000000008001720                EXTI9_5_IRQHandler
                0x0000000008001720                RTC_WKUP_IRQHandler
                0x0000000008001720                LTDC_IRQHandler
                0x0000000008001720                SAI3_IRQHandler
                0x0000000008001720                ETH_WKUP_IRQHandler
                0x0000000008001720                SPDIF_RX_IRQHandler
                0x0000000008001720                SPI2_IRQHandler
                0x0000000008001720                OTG_HS_EP1_IN_IRQHandler
                0x0000000008001720                DMA1_Stream0_IRQHandler
                0x0000000008001720                CRS_IRQHandler
                0x0000000008001720                CM7_SEV_IRQHandler
                0x0000000008001720                EXTI4_IRQHandler
                0x0000000008001720                RNG_IRQHandler
                0x0000000008001720                CM4_SEV_IRQHandler
                0x0000000008001720                HRTIM1_TIMB_IRQHandler
                0x0000000008001720                FDCAN2_IT1_IRQHandler
                0x0000000008001720                ETH_IRQHandler
                0x0000000008001720                WWDG_RST_IRQHandler
                0x0000000008001720                BDMA_Channel4_IRQHandler
                0x0000000008001720                OTG_HS_EP1_OUT_IRQHandler
                0x0000000008001720                WWDG_IRQHandler
                0x0000000008001720                SPI6_IRQHandler
                0x0000000008001720                MDIOS_IRQHandler
                0x0000000008001720                I2C4_EV_IRQHandler
                0x0000000008001720                FDCAN2_IT0_IRQHandler
                0x0000000008001720                LPUART1_IRQHandler
                0x0000000008001720                FDCAN1_IT0_IRQHandler
                0x0000000008001720                TIM2_IRQHandler
                0x0000000008001720                OTG_FS_WKUP_IRQHandler
                0x0000000008001720                OTG_HS_IRQHandler
                0x0000000008001720                HSEM2_IRQHandler
                0x0000000008001720                DMA2D_IRQHandler
                0x0000000008001720                TIM1_BRK_IRQHandler
                0x0000000008001720                EXTI1_IRQHandler
                0x0000000008001720                SDMMC2_IRQHandler
                0x0000000008001720                OTG_FS_EP1_OUT_IRQHandler
                0x0000000008001720                BDMA_Channel3_IRQHandler
                0x0000000008001720                HOLD_CORE_IRQHandler
                0x0000000008001720                UART7_IRQHandler
                0x0000000008001720                MDIOS_WKUP_IRQHandler
                0x0000000008001720                USART2_IRQHandler
                0x0000000008001720                DFSDM1_FLT0_IRQHandler
                0x0000000008001720                SAI4_IRQHandler
                0x0000000008001720                I2C2_ER_IRQHandler
                0x0000000008001720                FLASH_IRQHandler
                0x0000000008001720                DMA2_Stream4_IRQHandler
                0x0000000008001720                USART1_IRQHandler
                0x0000000008001720                OTG_FS_IRQHandler
                0x0000000008001720                SPI3_IRQHandler
                0x0000000008001720                WAKEUP_PIN_IRQHandler
                0x0000000008001720                DMA1_Stream4_IRQHandler
                0x0000000008001720                OTG_FS_EP1_IN_IRQHandler
                0x0000000008001720                I2C1_ER_IRQHandler
                0x0000000008001720                FMC_IRQHandler
                0x0000000008001720                FDCAN_CAL_IRQHandler
                0x0000000008001720                SWPMI1_IRQHandler
                0x0000000008001720                COMP1_IRQHandler
                0x0000000008001720                LPTIM1_IRQHandler
                0x0000000008001720                I2C4_ER_IRQHandler
                0x0000000008001720                DMA2_Stream6_IRQHandler
                0x0000000008001720                SAI1_IRQHandler
                0x0000000008001720                EXTI2_IRQHandler
 *fill*         0x0000000008001722        0x2 
 .text.HAL_Init
                0x0000000008001724       0x78 ./Drivers/STM32H7xx_HAL_Driver/stm32h7xx_hal.o
                0x0000000008001724                HAL_Init
 .text.HAL_InitTick
                0x000000000800179c       0x6c ./Drivers/STM32H7xx_HAL_Driver/stm32h7xx_hal.o
                0x000000000800179c                HAL_InitTick
 .text.HAL_IncTick
                0x0000000008001808       0x28 ./Drivers/STM32H7xx_HAL_Driver/stm32h7xx_hal.o
                0x0000000008001808                HAL_IncTick
 .text.HAL_GetTick
                0x0000000008001830       0x18 ./Drivers/STM32H7xx_HAL_Driver/stm32h7xx_hal.o
                0x0000000008001830                HAL_GetTick
 .text.HAL_GetREVID
                0x0000000008001848       0x18 ./Drivers/STM32H7xx_HAL_Driver/stm32h7xx_hal.o
                0x0000000008001848                HAL_GetREVID
 .text.__NVIC_SetPriorityGrouping
                0x0000000008001860       0x48 ./Drivers/STM32H7xx_HAL_Driver/stm32h7xx_hal_cortex.o
 .text.__NVIC_GetPriorityGrouping
                0x00000000080018a8       0x1c ./Drivers/STM32H7xx_HAL_Driver/stm32h7xx_hal_cortex.o
 .text.__NVIC_EnableIRQ
                0x00000000080018c4       0x3c ./Drivers/STM32H7xx_HAL_Driver/stm32h7xx_hal_cortex.o
 .text.__NVIC_SetPriority
                0x0000000008001900       0x54 ./Drivers/STM32H7xx_HAL_Driver/stm32h7xx_hal_cortex.o
 .text.NVIC_EncodePriority
                0x0000000008001954       0x66 ./Drivers/STM32H7xx_HAL_Driver/stm32h7xx_hal_cortex.o
 *fill*         0x00000000080019ba        0x2 
 .text.SysTick_Config
                0x00000000080019bc       0x44 ./Drivers/STM32H7xx_HAL_Driver/stm32h7xx_hal_cortex.o
 .text.HAL_NVIC_SetPriorityGrouping
                0x0000000008001a00       0x16 ./Drivers/STM32H7xx_HAL_Driver/stm32h7xx_hal_cortex.o
                0x0000000008001a00                HAL_NVIC_SetPriorityGrouping
 .text.HAL_NVIC_SetPriority
                0x0000000008001a16       0x34 ./Drivers/STM32H7xx_HAL_Driver/stm32h7xx_hal_cortex.o
                0x0000000008001a16                HAL_NVIC_SetPriority
 .text.HAL_NVIC_EnableIRQ
                0x0000000008001a4a       0x1c ./Drivers/STM32H7xx_HAL_Driver/stm32h7xx_hal_cortex.o
                0x0000000008001a4a                HAL_NVIC_EnableIRQ
 .text.HAL_SYSTICK_Config
                0x0000000008001a66       0x18 ./Drivers/STM32H7xx_HAL_Driver/stm32h7xx_hal_cortex.o
                0x0000000008001a66                HAL_SYSTICK_Config
 *fill*         0x0000000008001a7e        0x2 
 .text.HAL_MPU_Disable
                0x0000000008001a80       0x30 ./Drivers/STM32H7xx_HAL_Driver/stm32h7xx_hal_cortex.o
                0x0000000008001a80                HAL_MPU_Disable
 .text.HAL_MPU_Enable
                0x0000000008001ab0       0x40 ./Drivers/STM32H7xx_HAL_Driver/stm32h7xx_hal_cortex.o
                0x0000000008001ab0                HAL_MPU_Enable
 .text.HAL_MPU_ConfigRegion
                0x0000000008001af0       0x88 ./Drivers/STM32H7xx_HAL_Driver/stm32h7xx_hal_cortex.o
                0x0000000008001af0                HAL_MPU_ConfigRegion
 .text.HAL_GetCurrentCPUID
                0x0000000008001b78       0x28 ./Drivers/STM32H7xx_HAL_Driver/stm32h7xx_hal_cortex.o
                0x0000000008001b78                HAL_GetCurrentCPUID
 .text.HAL_DMA_Init
                0x0000000008001ba0      0x6b8 ./Drivers/STM32H7xx_HAL_Driver/stm32h7xx_hal_dma.o
                0x0000000008001ba0                HAL_DMA_Init
 .text.HAL_DMA_Start_IT
                0x0000000008002258      0x4d4 ./Drivers/STM32H7xx_HAL_Driver/stm32h7xx_hal_dma.o
                0x0000000008002258                HAL_DMA_Start_IT
 .text.HAL_DMA_Abort
                0x000000000800272c      0x63c ./Drivers/STM32H7xx_HAL_Driver/stm32h7xx_hal_dma.o
                0x000000000800272c                HAL_DMA_Abort
 .text.HAL_DMA_Abort_IT
                0x0000000008002d68      0x48c ./Drivers/STM32H7xx_HAL_Driver/stm32h7xx_hal_dma.o
                0x0000000008002d68                HAL_DMA_Abort_IT
 .text.HAL_DMA_IRQHandler
                0x00000000080031f4      0xe54 ./Drivers/STM32H7xx_HAL_Driver/stm32h7xx_hal_dma.o
                0x00000000080031f4                HAL_DMA_IRQHandler
 .text.DMA_SetConfig
                0x0000000008004048      0x358 ./Drivers/STM32H7xx_HAL_Driver/stm32h7xx_hal_dma.o
 .text.DMA_CalcBaseAndBitshift
                0x00000000080043a0      0x164 ./Drivers/STM32H7xx_HAL_Driver/stm32h7xx_hal_dma.o
 .text.DMA_CheckFifoParam
                0x0000000008004504       0xf8 ./Drivers/STM32H7xx_HAL_Driver/stm32h7xx_hal_dma.o
 .text.DMA_CalcDMAMUXChannelBaseAndMask
                0x00000000080045fc      0x134 ./Drivers/STM32H7xx_HAL_Driver/stm32h7xx_hal_dma.o
 .text.DMA_CalcDMAMUXRequestGenBaseAndMask
                0x0000000008004730       0xe8 ./Drivers/STM32H7xx_HAL_Driver/stm32h7xx_hal_dma.o
 .text.HAL_GPIO_Init
                0x0000000008004818      0x360 ./Drivers/STM32H7xx_HAL_Driver/stm32h7xx_hal_gpio.o
                0x0000000008004818                HAL_GPIO_Init
 .text.HAL_GPIO_WritePin
                0x0000000008004b78       0x32 ./Drivers/STM32H7xx_HAL_Driver/stm32h7xx_hal_gpio.o
                0x0000000008004b78                HAL_GPIO_WritePin
 .text.HAL_GPIO_TogglePin
                0x0000000008004baa       0x34 ./Drivers/STM32H7xx_HAL_Driver/stm32h7xx_hal_gpio.o
                0x0000000008004baa                HAL_GPIO_TogglePin
 *fill*         0x0000000008004bde        0x2 
 .text.HAL_PWREx_ConfigSupply
                0x0000000008004be0       0xb4 ./Drivers/STM32H7xx_HAL_Driver/stm32h7xx_hal_pwr_ex.o
                0x0000000008004be0                HAL_PWREx_ConfigSupply
 .text.HAL_RCC_OscConfig
                0x0000000008004c94      0x85c ./Drivers/STM32H7xx_HAL_Driver/stm32h7xx_hal_rcc.o
                0x0000000008004c94                HAL_RCC_OscConfig
 .text.HAL_RCC_ClockConfig
                0x00000000080054f0      0x36c ./Drivers/STM32H7xx_HAL_Driver/stm32h7xx_hal_rcc.o
                0x00000000080054f0                HAL_RCC_ClockConfig
 .text.HAL_RCC_GetSysClockFreq
                0x000000000800585c      0x2f4 ./Drivers/STM32H7xx_HAL_Driver/stm32h7xx_hal_rcc.o
                0x000000000800585c                HAL_RCC_GetSysClockFreq
 .text.HAL_RCC_GetHCLKFreq
                0x0000000008005b50       0x60 ./Drivers/STM32H7xx_HAL_Driver/stm32h7xx_hal_rcc.o
                0x0000000008005b50                HAL_RCC_GetHCLKFreq
 .text.HAL_RCC_GetPCLK1Freq
                0x0000000008005bb0       0x2c ./Drivers/STM32H7xx_HAL_Driver/stm32h7xx_hal_rcc.o
                0x0000000008005bb0                HAL_RCC_GetPCLK1Freq
 .text.HAL_RCC_GetPCLK2Freq
                0x0000000008005bdc       0x2c ./Drivers/STM32H7xx_HAL_Driver/stm32h7xx_hal_rcc.o
                0x0000000008005bdc                HAL_RCC_GetPCLK2Freq
 .text.HAL_RCCEx_PeriphCLKConfig
                0x0000000008005c08      0xe8c ./Drivers/STM32H7xx_HAL_Driver/stm32h7xx_hal_rcc_ex.o
                0x0000000008005c08                HAL_RCCEx_PeriphCLKConfig
 .text.HAL_RCCEx_GetD3PCLK1Freq
                0x0000000008006a94       0x2c ./Drivers/STM32H7xx_HAL_Driver/stm32h7xx_hal_rcc_ex.o
                0x0000000008006a94                HAL_RCCEx_GetD3PCLK1Freq
 .text.HAL_RCCEx_GetPLL2ClockFreq
                0x0000000008006ac0      0x2a8 ./Drivers/STM32H7xx_HAL_Driver/stm32h7xx_hal_rcc_ex.o
                0x0000000008006ac0                HAL_RCCEx_GetPLL2ClockFreq
 .text.HAL_RCCEx_GetPLL3ClockFreq
                0x0000000008006d68      0x2a8 ./Drivers/STM32H7xx_HAL_Driver/stm32h7xx_hal_rcc_ex.o
                0x0000000008006d68                HAL_RCCEx_GetPLL3ClockFreq
 .text.RCCEx_PLL2_Config
                0x0000000008007010      0x164 ./Drivers/STM32H7xx_HAL_Driver/stm32h7xx_hal_rcc_ex.o
 .text.RCCEx_PLL3_Config
                0x0000000008007174      0x164 ./Drivers/STM32H7xx_HAL_Driver/stm32h7xx_hal_rcc_ex.o
 .text.HAL_RTC_Init
                0x00000000080072d8       0xf0 ./Drivers/STM32H7xx_HAL_Driver/stm32h7xx_hal_rtc.o
                0x00000000080072d8                HAL_RTC_Init
 .text.HAL_RTC_SetTime
                0x00000000080073c8      0x13c ./Drivers/STM32H7xx_HAL_Driver/stm32h7xx_hal_rtc.o
                0x00000000080073c8                HAL_RTC_SetTime
 .text.HAL_RTC_GetTime
                0x0000000008007504       0xb8 ./Drivers/STM32H7xx_HAL_Driver/stm32h7xx_hal_rtc.o
                0x0000000008007504                HAL_RTC_GetTime
 .text.HAL_RTC_SetDate
                0x00000000080075bc      0x110 ./Drivers/STM32H7xx_HAL_Driver/stm32h7xx_hal_rtc.o
                0x00000000080075bc                HAL_RTC_SetDate
 .text.HAL_RTC_GetDate
                0x00000000080076cc       0x9c ./Drivers/STM32H7xx_HAL_Driver/stm32h7xx_hal_rtc.o
                0x00000000080076cc                HAL_RTC_GetDate
 .text.HAL_RTC_SetAlarm_IT
                0x0000000008007768      0x298 ./Drivers/STM32H7xx_HAL_Driver/stm32h7xx_hal_rtc.o
                0x0000000008007768                HAL_RTC_SetAlarm_IT
 .text.HAL_RTC_AlarmIRQHandler
                0x0000000008007a00       0xa4 ./Drivers/STM32H7xx_HAL_Driver/stm32h7xx_hal_rtc.o
                0x0000000008007a00                HAL_RTC_AlarmIRQHandler
 .text.HAL_RTC_WaitForSynchro
                0x0000000008007aa4       0x4c ./Drivers/STM32H7xx_HAL_Driver/stm32h7xx_hal_rtc.o
                0x0000000008007aa4                HAL_RTC_WaitForSynchro
 .text.RTC_EnterInitMode
                0x0000000008007af0       0x66 ./Drivers/STM32H7xx_HAL_Driver/stm32h7xx_hal_rtc.o
                0x0000000008007af0                RTC_EnterInitMode
 *fill*         0x0000000008007b56        0x2 
 .text.RTC_ExitInitMode
                0x0000000008007b58       0x7c ./Drivers/STM32H7xx_HAL_Driver/stm32h7xx_hal_rtc.o
                0x0000000008007b58                RTC_ExitInitMode
 .text.RTC_ByteToBcd2
                0x0000000008007bd4       0x40 ./Drivers/STM32H7xx_HAL_Driver/stm32h7xx_hal_rtc.o
                0x0000000008007bd4                RTC_ByteToBcd2
 .text.RTC_Bcd2ToByte
                0x0000000008007c14       0x34 ./Drivers/STM32H7xx_HAL_Driver/stm32h7xx_hal_rtc.o
                0x0000000008007c14                RTC_Bcd2ToByte
 .text.HAL_RTCEx_BKUPWrite
                0x0000000008007c48       0x30 ./Drivers/STM32H7xx_HAL_Driver/stm32h7xx_hal_rtc_ex.o
                0x0000000008007c48                HAL_RTCEx_BKUPWrite
 .text.HAL_RTCEx_BKUPRead
                0x0000000008007c78       0x2c ./Drivers/STM32H7xx_HAL_Driver/stm32h7xx_hal_rtc_ex.o
                0x0000000008007c78                HAL_RTCEx_BKUPRead
 .text.HAL_RTCEx_AlarmBEventCallback
                0x0000000008007ca4       0x14 ./Drivers/STM32H7xx_HAL_Driver/stm32h7xx_hal_rtc_ex.o
                0x0000000008007ca4                HAL_RTCEx_AlarmBEventCallback
 .text.HAL_TIM_Base_Init
                0x0000000008007cb8       0xae ./Drivers/STM32H7xx_HAL_Driver/stm32h7xx_hal_tim.o
                0x0000000008007cb8                HAL_TIM_Base_Init
 *fill*         0x0000000008007d66        0x2 
 .text.HAL_TIM_Base_Start_IT
                0x0000000008007d68       0xf0 ./Drivers/STM32H7xx_HAL_Driver/stm32h7xx_hal_tim.o
                0x0000000008007d68                HAL_TIM_Base_Start_IT
 .text.HAL_TIM_PWM_Init
                0x0000000008007e58       0xae ./Drivers/STM32H7xx_HAL_Driver/stm32h7xx_hal_tim.o
                0x0000000008007e58                HAL_TIM_PWM_Init
 .text.HAL_TIM_PWM_MspInit
                0x0000000008007f06       0x14 ./Drivers/STM32H7xx_HAL_Driver/stm32h7xx_hal_tim.o
                0x0000000008007f06                HAL_TIM_PWM_MspInit
 .text.HAL_TIM_IRQHandler
                0x0000000008007f1a      0x23e ./Drivers/STM32H7xx_HAL_Driver/stm32h7xx_hal_tim.o
                0x0000000008007f1a                HAL_TIM_IRQHandler
 .text.HAL_TIM_PWM_ConfigChannel
                0x0000000008008158      0x228 ./Drivers/STM32H7xx_HAL_Driver/stm32h7xx_hal_tim.o
                0x0000000008008158                HAL_TIM_PWM_ConfigChannel
 .text.HAL_TIM_ConfigClockSource
                0x0000000008008380      0x1f0 ./Drivers/STM32H7xx_HAL_Driver/stm32h7xx_hal_tim.o
                0x0000000008008380                HAL_TIM_ConfigClockSource
 .text.HAL_TIM_PeriodElapsedCallback
                0x0000000008008570       0x14 ./Drivers/STM32H7xx_HAL_Driver/stm32h7xx_hal_tim.o
                0x0000000008008570                HAL_TIM_PeriodElapsedCallback
 .text.HAL_TIM_OC_DelayElapsedCallback
                0x0000000008008584       0x14 ./Drivers/STM32H7xx_HAL_Driver/stm32h7xx_hal_tim.o
                0x0000000008008584                HAL_TIM_OC_DelayElapsedCallback
 .text.HAL_TIM_IC_CaptureCallback
                0x0000000008008598       0x14 ./Drivers/STM32H7xx_HAL_Driver/stm32h7xx_hal_tim.o
                0x0000000008008598                HAL_TIM_IC_CaptureCallback
 .text.HAL_TIM_PWM_PulseFinishedCallback
                0x00000000080085ac       0x14 ./Drivers/STM32H7xx_HAL_Driver/stm32h7xx_hal_tim.o
                0x00000000080085ac                HAL_TIM_PWM_PulseFinishedCallback
 .text.HAL_TIM_TriggerCallback
                0x00000000080085c0       0x14 ./Drivers/STM32H7xx_HAL_Driver/stm32h7xx_hal_tim.o
                0x00000000080085c0                HAL_TIM_TriggerCallback
 .text.TIM_Base_SetConfig
                0x00000000080085d4      0x134 ./Drivers/STM32H7xx_HAL_Driver/stm32h7xx_hal_tim.o
                0x00000000080085d4                TIM_Base_SetConfig
 .text.TIM_OC1_SetConfig
                0x0000000008008708      0x120 ./Drivers/STM32H7xx_HAL_Driver/stm32h7xx_hal_tim.o
 .text.TIM_OC2_SetConfig
                0x0000000008008828      0x114 ./Drivers/STM32H7xx_HAL_Driver/stm32h7xx_hal_tim.o
                0x0000000008008828                TIM_OC2_SetConfig
 .text.TIM_OC3_SetConfig
                0x000000000800893c      0x110 ./Drivers/STM32H7xx_HAL_Driver/stm32h7xx_hal_tim.o
 .text.TIM_OC4_SetConfig
                0x0000000008008a4c       0xd4 ./Drivers/STM32H7xx_HAL_Driver/stm32h7xx_hal_tim.o
 .text.TIM_OC5_SetConfig
                0x0000000008008b20       0xc8 ./Drivers/STM32H7xx_HAL_Driver/stm32h7xx_hal_tim.o
 .text.TIM_OC6_SetConfig
                0x0000000008008be8       0xcc ./Drivers/STM32H7xx_HAL_Driver/stm32h7xx_hal_tim.o
 .text.TIM_TI1_ConfigInputStage
                0x0000000008008cb4       0x5e ./Drivers/STM32H7xx_HAL_Driver/stm32h7xx_hal_tim.o
 .text.TIM_TI2_ConfigInputStage
                0x0000000008008d12       0x60 ./Drivers/STM32H7xx_HAL_Driver/stm32h7xx_hal_tim.o
 *fill*         0x0000000008008d72        0x2 
 .text.TIM_ITRx_SetConfig
                0x0000000008008d74       0x3c ./Drivers/STM32H7xx_HAL_Driver/stm32h7xx_hal_tim.o
 .text.TIM_ETR_SetConfig
                0x0000000008008db0       0x40 ./Drivers/STM32H7xx_HAL_Driver/stm32h7xx_hal_tim.o
                0x0000000008008db0                TIM_ETR_SetConfig
 .text.HAL_TIMEx_MasterConfigSynchronization
                0x0000000008008df0      0x11c ./Drivers/STM32H7xx_HAL_Driver/stm32h7xx_hal_tim_ex.o
                0x0000000008008df0                HAL_TIMEx_MasterConfigSynchronization
 .text.HAL_TIMEx_ConfigBreakDeadTime
                0x0000000008008f0c       0xfc ./Drivers/STM32H7xx_HAL_Driver/stm32h7xx_hal_tim_ex.o
                0x0000000008008f0c                HAL_TIMEx_ConfigBreakDeadTime
 .text.HAL_TIMEx_CommutCallback
                0x0000000008009008       0x14 ./Drivers/STM32H7xx_HAL_Driver/stm32h7xx_hal_tim_ex.o
                0x0000000008009008                HAL_TIMEx_CommutCallback
 .text.HAL_TIMEx_BreakCallback
                0x000000000800901c       0x14 ./Drivers/STM32H7xx_HAL_Driver/stm32h7xx_hal_tim_ex.o
                0x000000000800901c                HAL_TIMEx_BreakCallback
 .text.HAL_TIMEx_Break2Callback
                0x0000000008009030       0x14 ./Drivers/STM32H7xx_HAL_Driver/stm32h7xx_hal_tim_ex.o
                0x0000000008009030                HAL_TIMEx_Break2Callback
 .text.HAL_UART_Init
                0x0000000008009044       0xa0 ./Drivers/STM32H7xx_HAL_Driver/stm32h7xx_hal_uart.o
                0x0000000008009044                HAL_UART_Init
 .text.HAL_UART_Transmit
                0x00000000080090e4      0x12c ./Drivers/STM32H7xx_HAL_Driver/stm32h7xx_hal_uart.o
                0x00000000080090e4                HAL_UART_Transmit
 .text.HAL_UART_IRQHandler
                0x0000000008009210      0x73c ./Drivers/STM32H7xx_HAL_Driver/stm32h7xx_hal_uart.o
                0x0000000008009210                HAL_UART_IRQHandler
 .text.HAL_UART_TxCpltCallback
                0x000000000800994c       0x14 ./Drivers/STM32H7xx_HAL_Driver/stm32h7xx_hal_uart.o
                0x000000000800994c                HAL_UART_TxCpltCallback
 .text.HAL_UART_ErrorCallback
                0x0000000008009960       0x14 ./Drivers/STM32H7xx_HAL_Driver/stm32h7xx_hal_uart.o
                0x0000000008009960                HAL_UART_ErrorCallback
 .text.HAL_UARTEx_RxEventCallback
                0x0000000008009974       0x18 ./Drivers/STM32H7xx_HAL_Driver/stm32h7xx_hal_uart.o
                0x0000000008009974                HAL_UARTEx_RxEventCallback
 .text.UART_SetConfig
                0x000000000800998c      0xad0 ./Drivers/STM32H7xx_HAL_Driver/stm32h7xx_hal_uart.o
                0x000000000800998c                UART_SetConfig
 .text.UART_AdvFeatureConfig
                0x000000000800a45c      0x144 ./Drivers/STM32H7xx_HAL_Driver/stm32h7xx_hal_uart.o
                0x000000000800a45c                UART_AdvFeatureConfig
 .text.UART_CheckIdleState
                0x000000000800a5a0       0x96 ./Drivers/STM32H7xx_HAL_Driver/stm32h7xx_hal_uart.o
                0x000000000800a5a0                UART_CheckIdleState
 .text.UART_WaitOnFlagUntilTimeout
                0x000000000800a636      0x190 ./Drivers/STM32H7xx_HAL_Driver/stm32h7xx_hal_uart.o
                0x000000000800a636                UART_WaitOnFlagUntilTimeout
 *fill*         0x000000000800a7c6        0x2 
 .text.UART_EndRxTransfer
                0x000000000800a7c8       0xcc ./Drivers/STM32H7xx_HAL_Driver/stm32h7xx_hal_uart.o
 .text.UART_DMAAbortOnError
                0x000000000800a894       0x2c ./Drivers/STM32H7xx_HAL_Driver/stm32h7xx_hal_uart.o
 .text.UART_EndTransmit_IT
                0x000000000800a8c0       0x56 ./Drivers/STM32H7xx_HAL_Driver/stm32h7xx_hal_uart.o
 .text.HAL_UARTEx_WakeupCallback
                0x000000000800a916       0x14 ./Drivers/STM32H7xx_HAL_Driver/stm32h7xx_hal_uart_ex.o
                0x000000000800a916                HAL_UARTEx_WakeupCallback
 .text.HAL_UARTEx_RxFifoFullCallback
                0x000000000800a92a       0x14 ./Drivers/STM32H7xx_HAL_Driver/stm32h7xx_hal_uart_ex.o
                0x000000000800a92a                HAL_UARTEx_RxFifoFullCallback
 .text.HAL_UARTEx_TxFifoEmptyCallback
                0x000000000800a93e       0x14 ./Drivers/STM32H7xx_HAL_Driver/stm32h7xx_hal_uart_ex.o
                0x000000000800a93e                HAL_UARTEx_TxFifoEmptyCallback
 .text.HAL_UARTEx_DisableFifoMode
                0x000000000800a952       0x72 ./Drivers/STM32H7xx_HAL_Driver/stm32h7xx_hal_uart_ex.o
                0x000000000800a952                HAL_UARTEx_DisableFifoMode
 .text.HAL_UARTEx_SetTxFifoThreshold
                0x000000000800a9c4       0x7c ./Drivers/STM32H7xx_HAL_Driver/stm32h7xx_hal_uart_ex.o
                0x000000000800a9c4                HAL_UARTEx_SetTxFifoThreshold
 .text.HAL_UARTEx_SetRxFifoThreshold
                0x000000000800aa40       0x7c ./Drivers/STM32H7xx_HAL_Driver/stm32h7xx_hal_uart_ex.o
                0x000000000800aa40                HAL_UARTEx_SetRxFifoThreshold
 .text.UARTEx_SetNbDataToProcess
                0x000000000800aabc       0x9c ./Drivers/STM32H7xx_HAL_Driver/stm32h7xx_hal_uart_ex.o
 .text.__errno  0x000000000800ab58        0xc /Applications/STM32CubeIDE.app/Contents/Eclipse/plugins/com.st.stm32cube.ide.mcu.externaltools.gnu-tools-for-stm32.10.3-2021.10.macos64_1.0.0.202111181127/tools/bin/../lib/gcc/arm-none-eabi/10.3.1/../../../../arm-none-eabi/lib/thumb/v7e-m+dp/hard/libc_nano.a(lib_a-errno.o)
                0x000000000800ab58                __errno
 .text.__libc_init_array
                0x000000000800ab64       0x48 /Applications/STM32CubeIDE.app/Contents/Eclipse/plugins/com.st.stm32cube.ide.mcu.externaltools.gnu-tools-for-stm32.10.3-2021.10.macos64_1.0.0.202111181127/tools/bin/../lib/gcc/arm-none-eabi/10.3.1/../../../../arm-none-eabi/lib/thumb/v7e-m+dp/hard/libc_nano.a(lib_a-init.o)
                0x000000000800ab64                __libc_init_array
 .text.memset   0x000000000800abac       0x10 /Applications/STM32CubeIDE.app/Contents/Eclipse/plugins/com.st.stm32cube.ide.mcu.externaltools.gnu-tools-for-stm32.10.3-2021.10.macos64_1.0.0.202111181127/tools/bin/../lib/gcc/arm-none-eabi/10.3.1/../../../../arm-none-eabi/lib/thumb/v7e-m+dp/hard/libc_nano.a(lib_a-memset.o)
                0x000000000800abac                memset
 .text.sprintf  0x000000000800abbc       0x40 /Applications/STM32CubeIDE.app/Contents/Eclipse/plugins/com.st.stm32cube.ide.mcu.externaltools.gnu-tools-for-stm32.10.3-2021.10.macos64_1.0.0.202111181127/tools/bin/../lib/gcc/arm-none-eabi/10.3.1/../../../../arm-none-eabi/lib/thumb/v7e-m+dp/hard/libc_nano.a(lib_a-sprintf.o)
                0x000000000800abbc                sprintf
                0x000000000800abbc                siprintf
 .text.__ssputs_r
                0x000000000800abfc       0xb6 /Applications/STM32CubeIDE.app/Contents/Eclipse/plugins/com.st.stm32cube.ide.mcu.externaltools.gnu-tools-for-stm32.10.3-2021.10.macos64_1.0.0.202111181127/tools/bin/../lib/gcc/arm-none-eabi/10.3.1/../../../../arm-none-eabi/lib/thumb/v7e-m+dp/hard/libc_nano.a(lib_a-nano-svfprintf.o)
                0x000000000800abfc                __ssputs_r
 *fill*         0x000000000800acb2        0x2 
 .text._svfprintf_r
                0x000000000800acb4      0x200 /Applications/STM32CubeIDE.app/Contents/Eclipse/plugins/com.st.stm32cube.ide.mcu.externaltools.gnu-tools-for-stm32.10.3-2021.10.macos64_1.0.0.202111181127/tools/bin/../lib/gcc/arm-none-eabi/10.3.1/../../../../arm-none-eabi/lib/thumb/v7e-m+dp/hard/libc_nano.a(lib_a-nano-svfprintf.o)
                0x000000000800acb4                _svfprintf_r
                0x000000000800acb4                _svfiprintf_r
 .text._printf_common
                0x000000000800aeb4       0xda /Applications/STM32CubeIDE.app/Contents/Eclipse/plugins/com.st.stm32cube.ide.mcu.externaltools.gnu-tools-for-stm32.10.3-2021.10.macos64_1.0.0.202111181127/tools/bin/../lib/gcc/arm-none-eabi/10.3.1/../../../../arm-none-eabi/lib/thumb/v7e-m+dp/hard/libc_nano.a(lib_a-nano-vfprintf_i.o)
                0x000000000800aeb4                _printf_common
 *fill*         0x000000000800af8e        0x2 
 .text._printf_i
                0x000000000800af90      0x24c /Applications/STM32CubeIDE.app/Contents/Eclipse/plugins/com.st.stm32cube.ide.mcu.externaltools.gnu-tools-for-stm32.10.3-2021.10.macos64_1.0.0.202111181127/tools/bin/../lib/gcc/arm-none-eabi/10.3.1/../../../../arm-none-eabi/lib/thumb/v7e-m+dp/hard/libc_nano.a(lib_a-nano-vfprintf_i.o)
                0x000000000800af90                _printf_i
 .text.memcpy   0x000000000800b1dc       0x1c /Applications/STM32CubeIDE.app/Contents/Eclipse/plugins/com.st.stm32cube.ide.mcu.externaltools.gnu-tools-for-stm32.10.3-2021.10.macos64_1.0.0.202111181127/tools/bin/../lib/gcc/arm-none-eabi/10.3.1/../../../../arm-none-eabi/lib/thumb/v7e-m+dp/hard/libc_nano.a(lib_a-memcpy-stub.o)
                0x000000000800b1dc                memcpy
 .text.memmove  0x000000000800b1f8       0x34 /Applications/STM32CubeIDE.app/Contents/Eclipse/plugins/com.st.stm32cube.ide.mcu.externaltools.gnu-tools-for-stm32.10.3-2021.10.macos64_1.0.0.202111181127/tools/bin/../lib/gcc/arm-none-eabi/10.3.1/../../../../arm-none-eabi/lib/thumb/v7e-m+dp/hard/libc_nano.a(lib_a-memmove.o)
                0x000000000800b1f8                memmove
 .text._free_r  0x000000000800b22c       0x98 /Applications/STM32CubeIDE.app/Contents/Eclipse/plugins/com.st.stm32cube.ide.mcu.externaltools.gnu-tools-for-stm32.10.3-2021.10.macos64_1.0.0.202111181127/tools/bin/../lib/gcc/arm-none-eabi/10.3.1/../../../../arm-none-eabi/lib/thumb/v7e-m+dp/hard/libc_nano.a(lib_a-nano-freer.o)
                0x000000000800b22c                _free_r
 .text.sbrk_aligned
                0x000000000800b2c4       0x40 /Applications/STM32CubeIDE.app/Contents/Eclipse/plugins/com.st.stm32cube.ide.mcu.externaltools.gnu-tools-for-stm32.10.3-2021.10.macos64_1.0.0.202111181127/tools/bin/../lib/gcc/arm-none-eabi/10.3.1/../../../../arm-none-eabi/lib/thumb/v7e-m+dp/hard/libc_nano.a(lib_a-nano-mallocr.o)
 .text._malloc_r
                0x000000000800b304       0xe8 /Applications/STM32CubeIDE.app/Contents/Eclipse/plugins/com.st.stm32cube.ide.mcu.externaltools.gnu-tools-for-stm32.10.3-2021.10.macos64_1.0.0.202111181127/tools/bin/../lib/gcc/arm-none-eabi/10.3.1/../../../../arm-none-eabi/lib/thumb/v7e-m+dp/hard/libc_nano.a(lib_a-nano-mallocr.o)
                0x000000000800b304                _malloc_r
 .text._realloc_r
                0x000000000800b3ec       0x5e /Applications/STM32CubeIDE.app/Contents/Eclipse/plugins/com.st.stm32cube.ide.mcu.externaltools.gnu-tools-for-stm32.10.3-2021.10.macos64_1.0.0.202111181127/tools/bin/../lib/gcc/arm-none-eabi/10.3.1/../../../../arm-none-eabi/lib/thumb/v7e-m+dp/hard/libc_nano.a(lib_a-nano-reallocr.o)
                0x000000000800b3ec                _realloc_r
 *fill*         0x000000000800b44a        0x2 
 .text._sbrk_r  0x000000000800b44c       0x20 /Applications/STM32CubeIDE.app/Contents/Eclipse/plugins/com.st.stm32cube.ide.mcu.externaltools.gnu-tools-for-stm32.10.3-2021.10.macos64_1.0.0.202111181127/tools/bin/../lib/gcc/arm-none-eabi/10.3.1/../../../../arm-none-eabi/lib/thumb/v7e-m+dp/hard/libc_nano.a(lib_a-sbrkr.o)
                0x000000000800b44c                _sbrk_r
 .text.__malloc_lock
                0x000000000800b46c        0xc /Applications/STM32CubeIDE.app/Contents/Eclipse/plugins/com.st.stm32cube.ide.mcu.externaltools.gnu-tools-for-stm32.10.3-2021.10.macos64_1.0.0.202111181127/tools/bin/../lib/gcc/arm-none-eabi/10.3.1/../../../../arm-none-eabi/lib/thumb/v7e-m+dp/hard/libc_nano.a(lib_a-mlock.o)
                0x000000000800b46c                __malloc_lock
 .text.__malloc_unlock
                0x000000000800b478        0xc /Applications/STM32CubeIDE.app/Contents/Eclipse/plugins/com.st.stm32cube.ide.mcu.externaltools.gnu-tools-for-stm32.10.3-2021.10.macos64_1.0.0.202111181127/tools/bin/../lib/gcc/arm-none-eabi/10.3.1/../../../../arm-none-eabi/lib/thumb/v7e-m+dp/hard/libc_nano.a(lib_a-mlock.o)
                0x000000000800b478                __malloc_unlock
 .text._malloc_usable_size_r
                0x000000000800b484       0x10 /Applications/STM32CubeIDE.app/Contents/Eclipse/plugins/com.st.stm32cube.ide.mcu.externaltools.gnu-tools-for-stm32.10.3-2021.10.macos64_1.0.0.202111181127/tools/bin/../lib/gcc/arm-none-eabi/10.3.1/../../../../arm-none-eabi/lib/thumb/v7e-m+dp/hard/libc_nano.a(lib_a-nano-msizer.o)
                0x000000000800b484                _malloc_usable_size_r
 .text.__retarget_lock_acquire_recursive
                0x000000000800b494        0x2 /Applications/STM32CubeIDE.app/Contents/Eclipse/plugins/com.st.stm32cube.ide.mcu.externaltools.gnu-tools-for-stm32.10.3-2021.10.macos64_1.0.0.202111181127/tools/bin/../lib/gcc/arm-none-eabi/10.3.1/../../../../arm-none-eabi/lib/thumb/v7e-m+dp/hard/libc_nano.a(lib_a-lock.o)
                0x000000000800b494                __retarget_lock_acquire_recursive
 .text.__retarget_lock_release_recursive
                0x000000000800b496        0x2 /Applications/STM32CubeIDE.app/Contents/Eclipse/plugins/com.st.stm32cube.ide.mcu.externaltools.gnu-tools-for-stm32.10.3-2021.10.macos64_1.0.0.202111181127/tools/bin/../lib/gcc/arm-none-eabi/10.3.1/../../../../arm-none-eabi/lib/thumb/v7e-m+dp/hard/libc_nano.a(lib_a-lock.o)
                0x000000000800b496                __retarget_lock_release_recursive
 *(.glue_7)
 .glue_7        0x000000000800b498        0x0 linker stubs
 *(.glue_7t)
 .glue_7t       0x000000000800b498        0x0 linker stubs
 *(.eh_frame)
 .eh_frame      0x000000000800b498        0x0 /Applications/STM32CubeIDE.app/Contents/Eclipse/plugins/com.st.stm32cube.ide.mcu.externaltools.gnu-tools-for-stm32.10.3-2021.10.macos64_1.0.0.202111181127/tools/bin/../lib/gcc/arm-none-eabi/10.3.1/thumb/v7e-m+dp/hard/crtbegin.o
 *(.init)
 .init          0x000000000800b498        0x4 /Applications/STM32CubeIDE.app/Contents/Eclipse/plugins/com.st.stm32cube.ide.mcu.externaltools.gnu-tools-for-stm32.10.3-2021.10.macos64_1.0.0.202111181127/tools/bin/../lib/gcc/arm-none-eabi/10.3.1/thumb/v7e-m+dp/hard/crti.o
                0x000000000800b498                _init
 .init          0x000000000800b49c        0x8 /Applications/STM32CubeIDE.app/Contents/Eclipse/plugins/com.st.stm32cube.ide.mcu.externaltools.gnu-tools-for-stm32.10.3-2021.10.macos64_1.0.0.202111181127/tools/bin/../lib/gcc/arm-none-eabi/10.3.1/thumb/v7e-m+dp/hard/crtn.o
 *(.fini)
 .fini          0x000000000800b4a4        0x4 /Applications/STM32CubeIDE.app/Contents/Eclipse/plugins/com.st.stm32cube.ide.mcu.externaltools.gnu-tools-for-stm32.10.3-2021.10.macos64_1.0.0.202111181127/tools/bin/../lib/gcc/arm-none-eabi/10.3.1/thumb/v7e-m+dp/hard/crti.o
                0x000000000800b4a4                _fini
 .fini          0x000000000800b4a8        0x8 /Applications/STM32CubeIDE.app/Contents/Eclipse/plugins/com.st.stm32cube.ide.mcu.externaltools.gnu-tools-for-stm32.10.3-2021.10.macos64_1.0.0.202111181127/tools/bin/../lib/gcc/arm-none-eabi/10.3.1/thumb/v7e-m+dp/hard/crtn.o
                0x000000000800b4b0                . = ALIGN (0x4)
                0x000000000800b4b0                _etext = .

.vfp11_veneer   0x000000000800b4b0        0x0
 .vfp11_veneer  0x000000000800b4b0        0x0 linker stubs

.v4_bx          0x000000000800b4b0        0x0
 .v4_bx         0x000000000800b4b0        0x0 linker stubs

.iplt           0x000000000800b4b0        0x0
 .iplt          0x000000000800b4b0        0x0 /Applications/STM32CubeIDE.app/Contents/Eclipse/plugins/com.st.stm32cube.ide.mcu.externaltools.gnu-tools-for-stm32.10.3-2021.10.macos64_1.0.0.202111181127/tools/bin/../lib/gcc/arm-none-eabi/10.3.1/thumb/v7e-m+dp/hard/crtbegin.o

.rodata         0x000000000800b4b0       0xb0
                0x000000000800b4b0                . = ALIGN (0x4)
 *(.rodata)
 .rodata        0x000000000800b4b0       0x3a ./Core/Src/main.o
 *(.rodata*)
 *fill*         0x000000000800b4ea        0x2 
 .rodata.D1CorePrescTable
                0x000000000800b4ec       0x10 ./Common/Src/system_stm32h7xx_dualcore_boot_cm4_cm7.o
                0x000000000800b4ec                D1CorePrescTable
 .rodata.flagBitshiftOffset.0
                0x000000000800b4fc        0x8 ./Drivers/STM32H7xx_HAL_Driver/stm32h7xx_hal_dma.o
 .rodata.UARTPrescTable
                0x000000000800b504       0x18 ./Drivers/STM32H7xx_HAL_Driver/stm32h7xx_hal_uart.o
                0x000000000800b504                UARTPrescTable
 .rodata.numerator.1
                0x000000000800b51c        0x8 ./Drivers/STM32H7xx_HAL_Driver/stm32h7xx_hal_uart_ex.o
 .rodata.denominator.0
                0x000000000800b524        0x8 ./Drivers/STM32H7xx_HAL_Driver/stm32h7xx_hal_uart_ex.o
 .rodata._svfprintf_r.str1.1
                0x000000000800b52c       0x11 /Applications/STM32CubeIDE.app/Contents/Eclipse/plugins/com.st.stm32cube.ide.mcu.externaltools.gnu-tools-for-stm32.10.3-2021.10.macos64_1.0.0.202111181127/tools/bin/../lib/gcc/arm-none-eabi/10.3.1/../../../../arm-none-eabi/lib/thumb/v7e-m+dp/hard/libc_nano.a(lib_a-nano-svfprintf.o)
 .rodata._printf_i.str1.1
                0x000000000800b53d       0x22 /Applications/STM32CubeIDE.app/Contents/Eclipse/plugins/com.st.stm32cube.ide.mcu.externaltools.gnu-tools-for-stm32.10.3-2021.10.macos64_1.0.0.202111181127/tools/bin/../lib/gcc/arm-none-eabi/10.3.1/../../../../arm-none-eabi/lib/thumb/v7e-m+dp/hard/libc_nano.a(lib_a-nano-vfprintf_i.o)
                0x000000000800b560                . = ALIGN (0x4)
 *fill*         0x000000000800b55f        0x1 

.ARM.extab      0x000000000800b560        0x0
                0x000000000800b560                . = ALIGN (0x4)
 *(.ARM.extab* .gnu.linkonce.armextab.*)
                0x000000000800b560                . = ALIGN (0x4)

.ARM            0x000000000800b560        0x8
                0x000000000800b560                . = ALIGN (0x4)
                0x000000000800b560                __exidx_start = .
 *(.ARM.exidx*)
 .ARM.exidx     0x000000000800b560        0x8 /Applications/STM32CubeIDE.app/Contents/Eclipse/plugins/com.st.stm32cube.ide.mcu.externaltools.gnu-tools-for-stm32.10.3-2021.10.macos64_1.0.0.202111181127/tools/bin/../lib/gcc/arm-none-eabi/10.3.1/thumb/v7e-m+dp/hard/libgcc.a(_udivmoddi4.o)
                0x000000000800b568                __exidx_end = .
                0x000000000800b568                . = ALIGN (0x4)

.rel.dyn        0x000000000800b568        0x0
 .rel.iplt      0x000000000800b568        0x0 /Applications/STM32CubeIDE.app/Contents/Eclipse/plugins/com.st.stm32cube.ide.mcu.externaltools.gnu-tools-for-stm32.10.3-2021.10.macos64_1.0.0.202111181127/tools/bin/../lib/gcc/arm-none-eabi/10.3.1/thumb/v7e-m+dp/hard/crtbegin.o

.preinit_array  0x000000000800b568        0x0
                0x000000000800b568                . = ALIGN (0x4)
                0x000000000800b568                PROVIDE (__preinit_array_start = .)
 *(.preinit_array*)
                0x000000000800b568                PROVIDE (__preinit_array_end = .)
                0x000000000800b568                . = ALIGN (0x4)

.init_array     0x000000000800b568        0x4
                0x000000000800b568                . = ALIGN (0x4)
                0x000000000800b568                PROVIDE (__init_array_start = .)
 *(SORT_BY_NAME(.init_array.*))
 *(.init_array*)
 .init_array    0x000000000800b568        0x4 /Applications/STM32CubeIDE.app/Contents/Eclipse/plugins/com.st.stm32cube.ide.mcu.externaltools.gnu-tools-for-stm32.10.3-2021.10.macos64_1.0.0.202111181127/tools/bin/../lib/gcc/arm-none-eabi/10.3.1/thumb/v7e-m+dp/hard/crtbegin.o
                0x000000000800b56c                PROVIDE (__init_array_end = .)
                0x000000000800b56c                . = ALIGN (0x4)

.fini_array     0x000000000800b56c        0x4
                0x000000000800b56c                . = ALIGN (0x4)
                [!provide]                        PROVIDE (__fini_array_start = .)
 *(SORT_BY_NAME(.fini_array.*))
 *(.fini_array*)
 .fini_array    0x000000000800b56c        0x4 /Applications/STM32CubeIDE.app/Contents/Eclipse/plugins/com.st.stm32cube.ide.mcu.externaltools.gnu-tools-for-stm32.10.3-2021.10.macos64_1.0.0.202111181127/tools/bin/../lib/gcc/arm-none-eabi/10.3.1/thumb/v7e-m+dp/hard/crtbegin.o
                [!provide]                        PROVIDE (__fini_array_end = .)
                0x000000000800b570                . = ALIGN (0x4)
                0x000000000800b570                _sidata = LOADADDR (.data)

.data           0x0000000024000000       0x78 load address 0x000000000800b570
                0x0000000024000000                . = ALIGN (0x4)
                0x0000000024000000                _sdata = .
 *(.data)
 *(.data*)
 .data.SystemCoreClock
                0x0000000024000000        0x4 ./Common/Src/system_stm32h7xx_dualcore_boot_cm4_cm7.o
                0x0000000024000000                SystemCoreClock
 .data.SystemD2Clock
                0x0000000024000004        0x4 ./Common/Src/system_stm32h7xx_dualcore_boot_cm4_cm7.o
                0x0000000024000004                SystemD2Clock
 .data.indx     0x0000000024000008        0x4 ./Core/Src/main.o
                0x0000000024000008                indx
 .data.uwTickPrio
                0x000000002400000c        0x4 ./Drivers/STM32H7xx_HAL_Driver/stm32h7xx_hal.o
                0x000000002400000c                uwTickPrio
 .data.uwTickFreq
                0x0000000024000010        0x1 ./Drivers/STM32H7xx_HAL_Driver/stm32h7xx_hal.o
                0x0000000024000010                uwTickFreq
 *fill*         0x0000000024000011        0x3 
 .data._impure_ptr
                0x0000000024000014        0x4 /Applications/STM32CubeIDE.app/Contents/Eclipse/plugins/com.st.stm32cube.ide.mcu.externaltools.gnu-tools-for-stm32.10.3-2021.10.macos64_1.0.0.202111181127/tools/bin/../lib/gcc/arm-none-eabi/10.3.1/../../../../arm-none-eabi/lib/thumb/v7e-m+dp/hard/libc_nano.a(lib_a-impure.o)
                0x0000000024000014                _impure_ptr
 .data.impure_data
                0x0000000024000018       0x60 /Applications/STM32CubeIDE.app/Contents/Eclipse/plugins/com.st.stm32cube.ide.mcu.externaltools.gnu-tools-for-stm32.10.3-2021.10.macos64_1.0.0.202111181127/tools/bin/../lib/gcc/arm-none-eabi/10.3.1/../../../../arm-none-eabi/lib/thumb/v7e-m+dp/hard/libc_nano.a(lib_a-impure.o)
 *(.RamFunc)
 *(.RamFunc*)
                0x0000000024000078                . = ALIGN (0x4)
                0x0000000024000078                _edata = .

.igot.plt       0x0000000024000078        0x0 load address 0x000000000800b5e8
 .igot.plt      0x0000000024000078        0x0 /Applications/STM32CubeIDE.app/Contents/Eclipse/plugins/com.st.stm32cube.ide.mcu.externaltools.gnu-tools-for-stm32.10.3-2021.10.macos64_1.0.0.202111181127/tools/bin/../lib/gcc/arm-none-eabi/10.3.1/thumb/v7e-m+dp/hard/crtbegin.o
                0x0000000024000078                . = ALIGN (0x4)

.bss            0x0000000024000078      0x380 load address 0x000000000800b5e8
                0x0000000024000078                _sbss = .
                0x0000000024000078                __bss_start__ = _sbss
 *(.bss)
 .bss           0x0000000024000078       0x1c /Applications/STM32CubeIDE.app/Contents/Eclipse/plugins/com.st.stm32cube.ide.mcu.externaltools.gnu-tools-for-stm32.10.3-2021.10.macos64_1.0.0.202111181127/tools/bin/../lib/gcc/arm-none-eabi/10.3.1/thumb/v7e-m+dp/hard/crtbegin.o
 *(.bss*)
 .bss.hrtc      0x0000000024000094       0x24 ./Core/Src/main.o
                0x0000000024000094                hrtc
 .bss.htim1     0x00000000240000b8       0x4c ./Core/Src/main.o
                0x00000000240000b8                htim1
 .bss.htim4     0x0000000024000104       0x4c ./Core/Src/main.o
                0x0000000024000104                htim4
 .bss.htim5     0x0000000024000150       0x4c ./Core/Src/main.o
                0x0000000024000150                htim5
 .bss.hdma_tim1_ch1
                0x000000002400019c       0x78 ./Core/Src/main.o
                0x000000002400019c                hdma_tim1_ch1
 .bss.huart3    0x0000000024000214       0x90 ./Core/Src/main.o
                0x0000000024000214                huart3
 .bss.hdma_memtomem_dma2_stream0
                0x00000000240002a4       0x78 ./Core/Src/main.o
                0x00000000240002a4                hdma_memtomem_dma2_stream0
 .bss.hdma_memtomem_dma2_stream1
                0x000000002400031c       0x78 ./Core/Src/main.o
                0x000000002400031c                hdma_memtomem_dma2_stream1
 .bss.totalBuffer
                0x0000000024000394       0x32 ./Core/Src/main.o
                0x0000000024000394                totalBuffer
 .bss.alarm     0x00000000240003c6        0x1 ./Core/Src/main.o
                0x00000000240003c6                alarm
 *fill*         0x00000000240003c7        0x1 
 .bss.gDate     0x00000000240003c8        0x4 ./Core/Src/main.o
                0x00000000240003c8                gDate
 .bss.gTime     0x00000000240003cc       0x14 ./Core/Src/main.o
                0x00000000240003cc                gTime
 .bss.__sbrk_heap_end
                0x00000000240003e0        0x4 ./Core/Src/sysmem.o
 .bss.uwTick    0x00000000240003e4        0x4 ./Drivers/STM32H7xx_HAL_Driver/stm32h7xx_hal.o
                0x00000000240003e4                uwTick
 .bss.__malloc_free_list
                0x00000000240003e8        0x4 /Applications/STM32CubeIDE.app/Contents/Eclipse/plugins/com.st.stm32cube.ide.mcu.externaltools.gnu-tools-for-stm32.10.3-2021.10.macos64_1.0.0.202111181127/tools/bin/../lib/gcc/arm-none-eabi/10.3.1/../../../../arm-none-eabi/lib/thumb/v7e-m+dp/hard/libc_nano.a(lib_a-nano-mallocr.o)
                0x00000000240003e8                __malloc_free_list
 .bss.__malloc_sbrk_start
                0x00000000240003ec        0x4 /Applications/STM32CubeIDE.app/Contents/Eclipse/plugins/com.st.stm32cube.ide.mcu.externaltools.gnu-tools-for-stm32.10.3-2021.10.macos64_1.0.0.202111181127/tools/bin/../lib/gcc/arm-none-eabi/10.3.1/../../../../arm-none-eabi/lib/thumb/v7e-m+dp/hard/libc_nano.a(lib_a-nano-mallocr.o)
                0x00000000240003ec                __malloc_sbrk_start
 .bss.errno     0x00000000240003f0        0x4 /Applications/STM32CubeIDE.app/Contents/Eclipse/plugins/com.st.stm32cube.ide.mcu.externaltools.gnu-tools-for-stm32.10.3-2021.10.macos64_1.0.0.202111181127/tools/bin/../lib/gcc/arm-none-eabi/10.3.1/../../../../arm-none-eabi/lib/thumb/v7e-m+dp/hard/libc_nano.a(lib_a-reent.o)
                0x00000000240003f0                errno
 .bss.__lock___malloc_recursive_mutex
                0x00000000240003f4        0x1 /Applications/STM32CubeIDE.app/Contents/Eclipse/plugins/com.st.stm32cube.ide.mcu.externaltools.gnu-tools-for-stm32.10.3-2021.10.macos64_1.0.0.202111181127/tools/bin/../lib/gcc/arm-none-eabi/10.3.1/../../../../arm-none-eabi/lib/thumb/v7e-m+dp/hard/libc_nano.a(lib_a-lock.o)
                0x00000000240003f4                __lock___malloc_recursive_mutex
 *(COMMON)
                0x00000000240003f8                . = ALIGN (0x4)
 *fill*         0x00000000240003f5        0x3 
                0x00000000240003f8                _ebss = .
                0x00000000240003f8                __bss_end__ = _ebss

._user_heap_stack
                0x00000000240003f8      0x600 load address 0x000000000800b5e8
                0x00000000240003f8                . = ALIGN (0x8)
                [!provide]                        PROVIDE (end = .)
                0x00000000240003f8                PROVIDE (_end = .)
                0x00000000240005f8                . = (. + _Min_Heap_Size)
 *fill*         0x00000000240003f8      0x200 
                0x00000000240009f8                . = (. + _Min_Stack_Size)
 *fill*         0x00000000240005f8      0x400 
                0x00000000240009f8                . = ALIGN (0x8)

/DISCARD/
 libc.a(*)
 libm.a(*)
 libgcc.a(*)

.buffer         0x0000000030000000      0x450
                0x0000000030000000                . = ALIGN (0x1)
                0x0000000030000420                . = ABSOLUTE (0x30000420)
 *fill*         0x0000000030000000      0x420 
 *(.TxBuffer)
 .TxBuffer      0x0000000030000420       0x30 ./Core/Src/main.o
                0x0000000030000420                TxBuf

.buffer2        0x0000000038000000       0x40
                0x0000000038000000                . = ALIGN (0x1)
                0x0000000038000010                . = ABSOLUTE (0x38000010)
 *fill*         0x0000000038000000       0x10 
 *(.RxBuffer)
 .RxBuffer      0x0000000038000010       0x30 ./Core/Src/main.o
                0x0000000038000010                RxB

.ARM.attributes
                0x0000000000000000       0x2e
 *(.ARM.attributes)
 .ARM.attributes
                0x0000000000000000       0x1e /Applications/STM32CubeIDE.app/Contents/Eclipse/plugins/com.st.stm32cube.ide.mcu.externaltools.gnu-tools-for-stm32.10.3-2021.10.macos64_1.0.0.202111181127/tools/bin/../lib/gcc/arm-none-eabi/10.3.1/thumb/v7e-m+dp/hard/crti.o
 .ARM.attributes
                0x000000000000001e       0x32 /Applications/STM32CubeIDE.app/Contents/Eclipse/plugins/com.st.stm32cube.ide.mcu.externaltools.gnu-tools-for-stm32.10.3-2021.10.macos64_1.0.0.202111181127/tools/bin/../lib/gcc/arm-none-eabi/10.3.1/thumb/v7e-m+dp/hard/crtbegin.o
 .ARM.attributes
                0x0000000000000050       0x32 ./Common/Src/system_stm32h7xx_dualcore_boot_cm4_cm7.o
 .ARM.attributes
                0x0000000000000082       0x32 ./Core/Src/main.o
 .ARM.attributes
                0x00000000000000b4       0x32 ./Core/Src/stm32h7xx_hal_msp.o
 .ARM.attributes
                0x00000000000000e6       0x32 ./Core/Src/stm32h7xx_it.o
 .ARM.attributes
                0x0000000000000118       0x32 ./Core/Src/sysmem.o
 .ARM.attributes
                0x000000000000014a       0x21 ./Core/Startup/startup_stm32h745xihx.o
 .ARM.attributes
                0x000000000000016b       0x32 ./Drivers/STM32H7xx_HAL_Driver/stm32h7xx_hal.o
 .ARM.attributes
                0x000000000000019d       0x32 ./Drivers/STM32H7xx_HAL_Driver/stm32h7xx_hal_cortex.o
 .ARM.attributes
                0x00000000000001cf       0x32 ./Drivers/STM32H7xx_HAL_Driver/stm32h7xx_hal_dma.o
 .ARM.attributes
                0x0000000000000201       0x32 ./Drivers/STM32H7xx_HAL_Driver/stm32h7xx_hal_gpio.o
 .ARM.attributes
                0x0000000000000233       0x32 ./Drivers/STM32H7xx_HAL_Driver/stm32h7xx_hal_pwr_ex.o
 .ARM.attributes
                0x0000000000000265       0x32 ./Drivers/STM32H7xx_HAL_Driver/stm32h7xx_hal_rcc.o
 .ARM.attributes
                0x0000000000000297       0x32 ./Drivers/STM32H7xx_HAL_Driver/stm32h7xx_hal_rcc_ex.o
 .ARM.attributes
                0x00000000000002c9       0x32 ./Drivers/STM32H7xx_HAL_Driver/stm32h7xx_hal_rtc.o
 .ARM.attributes
                0x00000000000002fb       0x32 ./Drivers/STM32H7xx_HAL_Driver/stm32h7xx_hal_rtc_ex.o
 .ARM.attributes
                0x000000000000032d       0x32 ./Drivers/STM32H7xx_HAL_Driver/stm32h7xx_hal_tim.o
 .ARM.attributes
                0x000000000000035f       0x32 ./Drivers/STM32H7xx_HAL_Driver/stm32h7xx_hal_tim_ex.o
 .ARM.attributes
                0x0000000000000391       0x32 ./Drivers/STM32H7xx_HAL_Driver/stm32h7xx_hal_uart.o
 .ARM.attributes
                0x00000000000003c3       0x32 ./Drivers/STM32H7xx_HAL_Driver/stm32h7xx_hal_uart_ex.o
 .ARM.attributes
                0x00000000000003f5       0x32 /Applications/STM32CubeIDE.app/Contents/Eclipse/plugins/com.st.stm32cube.ide.mcu.externaltools.gnu-tools-for-stm32.10.3-2021.10.macos64_1.0.0.202111181127/tools/bin/../lib/gcc/arm-none-eabi/10.3.1/../../../../arm-none-eabi/lib/thumb/v7e-m+dp/hard/libc_nano.a(lib_a-errno.o)
 .ARM.attributes
                0x0000000000000427       0x32 /Applications/STM32CubeIDE.app/Contents/Eclipse/plugins/com.st.stm32cube.ide.mcu.externaltools.gnu-tools-for-stm32.10.3-2021.10.macos64_1.0.0.202111181127/tools/bin/../lib/gcc/arm-none-eabi/10.3.1/../../../../arm-none-eabi/lib/thumb/v7e-m+dp/hard/libc_nano.a(lib_a-impure.o)
 .ARM.attributes
                0x0000000000000459       0x32 /Applications/STM32CubeIDE.app/Contents/Eclipse/plugins/com.st.stm32cube.ide.mcu.externaltools.gnu-tools-for-stm32.10.3-2021.10.macos64_1.0.0.202111181127/tools/bin/../lib/gcc/arm-none-eabi/10.3.1/../../../../arm-none-eabi/lib/thumb/v7e-m+dp/hard/libc_nano.a(lib_a-init.o)
 .ARM.attributes
                0x000000000000048b       0x32 /Applications/STM32CubeIDE.app/Contents/Eclipse/plugins/com.st.stm32cube.ide.mcu.externaltools.gnu-tools-for-stm32.10.3-2021.10.macos64_1.0.0.202111181127/tools/bin/../lib/gcc/arm-none-eabi/10.3.1/../../../../arm-none-eabi/lib/thumb/v7e-m+dp/hard/libc_nano.a(lib_a-memset.o)
 .ARM.attributes
                0x00000000000004bd       0x32 /Applications/STM32CubeIDE.app/Contents/Eclipse/plugins/com.st.stm32cube.ide.mcu.externaltools.gnu-tools-for-stm32.10.3-2021.10.macos64_1.0.0.202111181127/tools/bin/../lib/gcc/arm-none-eabi/10.3.1/../../../../arm-none-eabi/lib/thumb/v7e-m+dp/hard/libc_nano.a(lib_a-sprintf.o)
 .ARM.attributes
                0x00000000000004ef       0x17 /Applications/STM32CubeIDE.app/Contents/Eclipse/plugins/com.st.stm32cube.ide.mcu.externaltools.gnu-tools-for-stm32.10.3-2021.10.macos64_1.0.0.202111181127/tools/bin/../lib/gcc/arm-none-eabi/10.3.1/../../../../arm-none-eabi/lib/thumb/v7e-m+dp/hard/libc_nano.a(lib_a-strlen.o)
 .ARM.attributes
                0x0000000000000506       0x32 /Applications/STM32CubeIDE.app/Contents/Eclipse/plugins/com.st.stm32cube.ide.mcu.externaltools.gnu-tools-for-stm32.10.3-2021.10.macos64_1.0.0.202111181127/tools/bin/../lib/gcc/arm-none-eabi/10.3.1/../../../../arm-none-eabi/lib/thumb/v7e-m+dp/hard/libc_nano.a(lib_a-nano-svfprintf.o)
 .ARM.attributes
                0x0000000000000538       0x32 /Applications/STM32CubeIDE.app/Contents/Eclipse/plugins/com.st.stm32cube.ide.mcu.externaltools.gnu-tools-for-stm32.10.3-2021.10.macos64_1.0.0.202111181127/tools/bin/../lib/gcc/arm-none-eabi/10.3.1/../../../../arm-none-eabi/lib/thumb/v7e-m+dp/hard/libc_nano.a(lib_a-nano-vfprintf_i.o)
 .ARM.attributes
                0x000000000000056a       0x1c /Applications/STM32CubeIDE.app/Contents/Eclipse/plugins/com.st.stm32cube.ide.mcu.externaltools.gnu-tools-for-stm32.10.3-2021.10.macos64_1.0.0.202111181127/tools/bin/../lib/gcc/arm-none-eabi/10.3.1/../../../../arm-none-eabi/lib/thumb/v7e-m+dp/hard/libc_nano.a(lib_a-memchr.o)
 .ARM.attributes
                0x0000000000000586       0x32 /Applications/STM32CubeIDE.app/Contents/Eclipse/plugins/com.st.stm32cube.ide.mcu.externaltools.gnu-tools-for-stm32.10.3-2021.10.macos64_1.0.0.202111181127/tools/bin/../lib/gcc/arm-none-eabi/10.3.1/../../../../arm-none-eabi/lib/thumb/v7e-m+dp/hard/libc_nano.a(lib_a-memcpy-stub.o)
 .ARM.attributes
                0x00000000000005b8       0x32 /Applications/STM32CubeIDE.app/Contents/Eclipse/plugins/com.st.stm32cube.ide.mcu.externaltools.gnu-tools-for-stm32.10.3-2021.10.macos64_1.0.0.202111181127/tools/bin/../lib/gcc/arm-none-eabi/10.3.1/../../../../arm-none-eabi/lib/thumb/v7e-m+dp/hard/libc_nano.a(lib_a-memmove.o)
 .ARM.attributes
                0x00000000000005ea       0x32 /Applications/STM32CubeIDE.app/Contents/Eclipse/plugins/com.st.stm32cube.ide.mcu.externaltools.gnu-tools-for-stm32.10.3-2021.10.macos64_1.0.0.202111181127/tools/bin/../lib/gcc/arm-none-eabi/10.3.1/../../../../arm-none-eabi/lib/thumb/v7e-m+dp/hard/libc_nano.a(lib_a-nano-freer.o)
 .ARM.attributes
                0x000000000000061c       0x32 /Applications/STM32CubeIDE.app/Contents/Eclipse/plugins/com.st.stm32cube.ide.mcu.externaltools.gnu-tools-for-stm32.10.3-2021.10.macos64_1.0.0.202111181127/tools/bin/../lib/gcc/arm-none-eabi/10.3.1/../../../../arm-none-eabi/lib/thumb/v7e-m+dp/hard/libc_nano.a(lib_a-nano-mallocr.o)
 .ARM.attributes
                0x000000000000064e       0x32 /Applications/STM32CubeIDE.app/Contents/Eclipse/plugins/com.st.stm32cube.ide.mcu.externaltools.gnu-tools-for-stm32.10.3-2021.10.macos64_1.0.0.202111181127/tools/bin/../lib/gcc/arm-none-eabi/10.3.1/../../../../arm-none-eabi/lib/thumb/v7e-m+dp/hard/libc_nano.a(lib_a-nano-reallocr.o)
 .ARM.attributes
                0x0000000000000680       0x32 /Applications/STM32CubeIDE.app/Contents/Eclipse/plugins/com.st.stm32cube.ide.mcu.externaltools.gnu-tools-for-stm32.10.3-2021.10.macos64_1.0.0.202111181127/tools/bin/../lib/gcc/arm-none-eabi/10.3.1/../../../../arm-none-eabi/lib/thumb/v7e-m+dp/hard/libc_nano.a(lib_a-sbrkr.o)
 .ARM.attributes
                0x00000000000006b2       0x32 /Applications/STM32CubeIDE.app/Contents/Eclipse/plugins/com.st.stm32cube.ide.mcu.externaltools.gnu-tools-for-stm32.10.3-2021.10.macos64_1.0.0.202111181127/tools/bin/../lib/gcc/arm-none-eabi/10.3.1/../../../../arm-none-eabi/lib/thumb/v7e-m+dp/hard/libc_nano.a(lib_a-mlock.o)
 .ARM.attributes
                0x00000000000006e4       0x32 /Applications/STM32CubeIDE.app/Contents/Eclipse/plugins/com.st.stm32cube.ide.mcu.externaltools.gnu-tools-for-stm32.10.3-2021.10.macos64_1.0.0.202111181127/tools/bin/../lib/gcc/arm-none-eabi/10.3.1/../../../../arm-none-eabi/lib/thumb/v7e-m+dp/hard/libc_nano.a(lib_a-nano-msizer.o)
 .ARM.attributes
                0x0000000000000716       0x32 /Applications/STM32CubeIDE.app/Contents/Eclipse/plugins/com.st.stm32cube.ide.mcu.externaltools.gnu-tools-for-stm32.10.3-2021.10.macos64_1.0.0.202111181127/tools/bin/../lib/gcc/arm-none-eabi/10.3.1/../../../../arm-none-eabi/lib/thumb/v7e-m+dp/hard/libc_nano.a(lib_a-reent.o)
 .ARM.attributes
                0x0000000000000748       0x32 /Applications/STM32CubeIDE.app/Contents/Eclipse/plugins/com.st.stm32cube.ide.mcu.externaltools.gnu-tools-for-stm32.10.3-2021.10.macos64_1.0.0.202111181127/tools/bin/../lib/gcc/arm-none-eabi/10.3.1/../../../../arm-none-eabi/lib/thumb/v7e-m+dp/hard/libc_nano.a(lib_a-lock.o)
 .ARM.attributes
                0x000000000000077a       0x1e /Applications/STM32CubeIDE.app/Contents/Eclipse/plugins/com.st.stm32cube.ide.mcu.externaltools.gnu-tools-for-stm32.10.3-2021.10.macos64_1.0.0.202111181127/tools/bin/../lib/gcc/arm-none-eabi/10.3.1/thumb/v7e-m+dp/hard/libgcc.a(_aeabi_uldivmod.o)
 .ARM.attributes
                0x0000000000000798       0x32 /Applications/STM32CubeIDE.app/Contents/Eclipse/plugins/com.st.stm32cube.ide.mcu.externaltools.gnu-tools-for-stm32.10.3-2021.10.macos64_1.0.0.202111181127/tools/bin/../lib/gcc/arm-none-eabi/10.3.1/thumb/v7e-m+dp/hard/libgcc.a(_udivmoddi4.o)
 .ARM.attributes
                0x00000000000007ca       0x1e /Applications/STM32CubeIDE.app/Contents/Eclipse/plugins/com.st.stm32cube.ide.mcu.externaltools.gnu-tools-for-stm32.10.3-2021.10.macos64_1.0.0.202111181127/tools/bin/../lib/gcc/arm-none-eabi/10.3.1/thumb/v7e-m+dp/hard/libgcc.a(_dvmd_tls.o)
 .ARM.attributes
                0x00000000000007e8       0x1e /Applications/STM32CubeIDE.app/Contents/Eclipse/plugins/com.st.stm32cube.ide.mcu.externaltools.gnu-tools-for-stm32.10.3-2021.10.macos64_1.0.0.202111181127/tools/bin/../lib/gcc/arm-none-eabi/10.3.1/thumb/v7e-m+dp/hard/crtn.o
OUTPUT(STM32H745I-InternTests_CM7.elf elf32-littlearm)
LOAD linker stubs
LOAD /Applications/STM32CubeIDE.app/Contents/Eclipse/plugins/com.st.stm32cube.ide.mcu.externaltools.gnu-tools-for-stm32.10.3-2021.10.macos64_1.0.0.202111181127/tools/bin/../lib/gcc/arm-none-eabi/10.3.1/../../../../arm-none-eabi/lib/thumb/v7e-m+dp/hard/libc.a
LOAD /Applications/STM32CubeIDE.app/Contents/Eclipse/plugins/com.st.stm32cube.ide.mcu.externaltools.gnu-tools-for-stm32.10.3-2021.10.macos64_1.0.0.202111181127/tools/bin/../lib/gcc/arm-none-eabi/10.3.1/../../../../arm-none-eabi/lib/thumb/v7e-m+dp/hard/libm.a
LOAD /Applications/STM32CubeIDE.app/Contents/Eclipse/plugins/com.st.stm32cube.ide.mcu.externaltools.gnu-tools-for-stm32.10.3-2021.10.macos64_1.0.0.202111181127/tools/bin/../lib/gcc/arm-none-eabi/10.3.1/thumb/v7e-m+dp/hard/libgcc.a

.debug_info     0x0000000000000000    0x1af04
 .debug_info    0x0000000000000000      0xdca ./Common/Src/system_stm32h7xx_dualcore_boot_cm4_cm7.o
 .debug_info    0x0000000000000dca     0x2ec1 ./Core/Src/main.o
 .debug_info    0x0000000000003c8b     0x1e09 ./Core/Src/stm32h7xx_hal_msp.o
 .debug_info    0x0000000000005a94     0x10b4 ./Core/Src/stm32h7xx_it.o
 .debug_info    0x0000000000006b48      0x171 ./Core/Src/sysmem.o
 .debug_info    0x0000000000006cb9       0x22 ./Core/Startup/startup_stm32h745xihx.o
 .debug_info    0x0000000000006cdb     0x1826 ./Drivers/STM32H7xx_HAL_Driver/stm32h7xx_hal.o
 .debug_info    0x0000000000008501     0x118b ./Drivers/STM32H7xx_HAL_Driver/stm32h7xx_hal_cortex.o
 .debug_info    0x000000000000968c      0xce8 ./Drivers/STM32H7xx_HAL_Driver/stm32h7xx_hal_dma.o
 .debug_info    0x000000000000a374      0xde0 ./Drivers/STM32H7xx_HAL_Driver/stm32h7xx_hal_gpio.o
 .debug_info    0x000000000000b154     0x12c2 ./Drivers/STM32H7xx_HAL_Driver/stm32h7xx_hal_pwr_ex.o
 .debug_info    0x000000000000c416      0xf48 ./Drivers/STM32H7xx_HAL_Driver/stm32h7xx_hal_rcc.o
 .debug_info    0x000000000000d35e     0x1394 ./Drivers/STM32H7xx_HAL_Driver/stm32h7xx_hal_rcc_ex.o
 .debug_info    0x000000000000e6f2     0x100e ./Drivers/STM32H7xx_HAL_Driver/stm32h7xx_hal_rtc.o
 .debug_info    0x000000000000f700     0x14f2 ./Drivers/STM32H7xx_HAL_Driver/stm32h7xx_hal_rtc_ex.o
 .debug_info    0x0000000000010bf2     0x2dd1 ./Drivers/STM32H7xx_HAL_Driver/stm32h7xx_hal_tim.o
 .debug_info    0x00000000000139c3     0x18f4 ./Drivers/STM32H7xx_HAL_Driver/stm32h7xx_hal_tim_ex.o
 .debug_info    0x00000000000152b7     0x4c42 ./Drivers/STM32H7xx_HAL_Driver/stm32h7xx_hal_uart.o
 .debug_info    0x0000000000019ef9     0x100b ./Drivers/STM32H7xx_HAL_Driver/stm32h7xx_hal_uart_ex.o

.debug_abbrev   0x0000000000000000     0x2a49
 .debug_abbrev  0x0000000000000000      0x147 ./Common/Src/system_stm32h7xx_dualcore_boot_cm4_cm7.o
 .debug_abbrev  0x0000000000000147      0x3d5 ./Core/Src/main.o
 .debug_abbrev  0x000000000000051c      0x267 ./Core/Src/stm32h7xx_hal_msp.o
 .debug_abbrev  0x0000000000000783      0x1a5 ./Core/Src/stm32h7xx_it.o
 .debug_abbrev  0x0000000000000928       0xbb ./Core/Src/sysmem.o
 .debug_abbrev  0x00000000000009e3       0x12 ./Core/Startup/startup_stm32h745xihx.o
 .debug_abbrev  0x00000000000009f5      0x289 ./Drivers/STM32H7xx_HAL_Driver/stm32h7xx_hal.o
 .debug_abbrev  0x0000000000000c7e      0x329 ./Drivers/STM32H7xx_HAL_Driver/stm32h7xx_hal_cortex.o
 .debug_abbrev  0x0000000000000fa7      0x239 ./Drivers/STM32H7xx_HAL_Driver/stm32h7xx_hal_dma.o
 .debug_abbrev  0x00000000000011e0      0x1ec ./Drivers/STM32H7xx_HAL_Driver/stm32h7xx_hal_gpio.o
 .debug_abbrev  0x00000000000013cc      0x2bc ./Drivers/STM32H7xx_HAL_Driver/stm32h7xx_hal_pwr_ex.o
 .debug_abbrev  0x0000000000001688      0x2b8 ./Drivers/STM32H7xx_HAL_Driver/stm32h7xx_hal_rcc.o
 .debug_abbrev  0x0000000000001940      0x25c ./Drivers/STM32H7xx_HAL_Driver/stm32h7xx_hal_rcc_ex.o
 .debug_abbrev  0x0000000000001b9c      0x1f0 ./Drivers/STM32H7xx_HAL_Driver/stm32h7xx_hal_rtc.o
 .debug_abbrev  0x0000000000001d8c      0x219 ./Drivers/STM32H7xx_HAL_Driver/stm32h7xx_hal_rtc_ex.o
 .debug_abbrev  0x0000000000001fa5      0x25d ./Drivers/STM32H7xx_HAL_Driver/stm32h7xx_hal_tim.o
 .debug_abbrev  0x0000000000002202      0x265 ./Drivers/STM32H7xx_HAL_Driver/stm32h7xx_hal_tim_ex.o
 .debug_abbrev  0x0000000000002467      0x325 ./Drivers/STM32H7xx_HAL_Driver/stm32h7xx_hal_uart.o
 .debug_abbrev  0x000000000000278c      0x2bd ./Drivers/STM32H7xx_HAL_Driver/stm32h7xx_hal_uart_ex.o

.debug_aranges  0x0000000000000000     0x1388
 .debug_aranges
                0x0000000000000000       0x28 ./Common/Src/system_stm32h7xx_dualcore_boot_cm4_cm7.o
 .debug_aranges
                0x0000000000000028       0xa0 ./Core/Src/main.o
 .debug_aranges
                0x00000000000000c8       0x58 ./Core/Src/stm32h7xx_hal_msp.o
 .debug_aranges
                0x0000000000000120       0x88 ./Core/Src/stm32h7xx_it.o
 .debug_aranges
                0x00000000000001a8       0x20 ./Core/Src/sysmem.o
 .debug_aranges
                0x00000000000001c8       0x28 ./Core/Startup/startup_stm32h745xihx.o
 .debug_aranges
                0x00000000000001f0      0x200 ./Drivers/STM32H7xx_HAL_Driver/stm32h7xx_hal.o
 .debug_aranges
                0x00000000000003f0      0x120 ./Drivers/STM32H7xx_HAL_Driver/stm32h7xx_hal_cortex.o
 .debug_aranges
                0x0000000000000510       0xa0 ./Drivers/STM32H7xx_HAL_Driver/stm32h7xx_hal_dma.o
 .debug_aranges
                0x00000000000005b0       0x58 ./Drivers/STM32H7xx_HAL_Driver/stm32h7xx_hal_gpio.o
 .debug_aranges
                0x0000000000000608      0x170 ./Drivers/STM32H7xx_HAL_Driver/stm32h7xx_hal_pwr_ex.o
 .debug_aranges
                0x0000000000000778       0x88 ./Drivers/STM32H7xx_HAL_Driver/stm32h7xx_hal_rcc.o
 .debug_aranges
                0x0000000000000800      0x100 ./Drivers/STM32H7xx_HAL_Driver/stm32h7xx_hal_rcc_ex.o
 .debug_aranges
                0x0000000000000900       0xc0 ./Drivers/STM32H7xx_HAL_Driver/stm32h7xx_hal_rtc.o
 .debug_aranges
                0x00000000000009c0      0x178 ./Drivers/STM32H7xx_HAL_Driver/stm32h7xx_hal_rtc_ex.o
 .debug_aranges
                0x0000000000000b38      0x3e0 ./Drivers/STM32H7xx_HAL_Driver/stm32h7xx_hal_tim.o
 .debug_aranges
                0x0000000000000f18      0x188 ./Drivers/STM32H7xx_HAL_Driver/stm32h7xx_hal_tim_ex.o
 .debug_aranges
                0x00000000000010a0      0x248 ./Drivers/STM32H7xx_HAL_Driver/stm32h7xx_hal_uart.o
 .debug_aranges
                0x00000000000012e8       0xa0 ./Drivers/STM32H7xx_HAL_Driver/stm32h7xx_hal_uart_ex.o

.debug_ranges   0x0000000000000000     0x1290
 .debug_ranges  0x0000000000000000       0x18 ./Common/Src/system_stm32h7xx_dualcore_boot_cm4_cm7.o
 .debug_ranges  0x0000000000000018       0x90 ./Core/Src/main.o
 .debug_ranges  0x00000000000000a8       0x48 ./Core/Src/stm32h7xx_hal_msp.o
 .debug_ranges  0x00000000000000f0       0x78 ./Core/Src/stm32h7xx_it.o
 .debug_ranges  0x0000000000000168       0x10 ./Core/Src/sysmem.o
 .debug_ranges  0x0000000000000178       0x20 ./Core/Startup/startup_stm32h745xihx.o
 .debug_ranges  0x0000000000000198      0x1f0 ./Drivers/STM32H7xx_HAL_Driver/stm32h7xx_hal.o
 .debug_ranges  0x0000000000000388      0x110 ./Drivers/STM32H7xx_HAL_Driver/stm32h7xx_hal_cortex.o
 .debug_ranges  0x0000000000000498       0x90 ./Drivers/STM32H7xx_HAL_Driver/stm32h7xx_hal_dma.o
 .debug_ranges  0x0000000000000528       0x48 ./Drivers/STM32H7xx_HAL_Driver/stm32h7xx_hal_gpio.o
 .debug_ranges  0x0000000000000570      0x160 ./Drivers/STM32H7xx_HAL_Driver/stm32h7xx_hal_pwr_ex.o
 .debug_ranges  0x00000000000006d0       0x78 ./Drivers/STM32H7xx_HAL_Driver/stm32h7xx_hal_rcc.o
 .debug_ranges  0x0000000000000748       0xf0 ./Drivers/STM32H7xx_HAL_Driver/stm32h7xx_hal_rcc_ex.o
 .debug_ranges  0x0000000000000838       0xb0 ./Drivers/STM32H7xx_HAL_Driver/stm32h7xx_hal_rtc.o
 .debug_ranges  0x00000000000008e8      0x168 ./Drivers/STM32H7xx_HAL_Driver/stm32h7xx_hal_rtc_ex.o
 .debug_ranges  0x0000000000000a50      0x3d0 ./Drivers/STM32H7xx_HAL_Driver/stm32h7xx_hal_tim.o
 .debug_ranges  0x0000000000000e20      0x178 ./Drivers/STM32H7xx_HAL_Driver/stm32h7xx_hal_tim_ex.o
 .debug_ranges  0x0000000000000f98      0x268 ./Drivers/STM32H7xx_HAL_Driver/stm32h7xx_hal_uart.o
 .debug_ranges  0x0000000000001200       0x90 ./Drivers/STM32H7xx_HAL_Driver/stm32h7xx_hal_uart_ex.o

.debug_macro    0x0000000000000000    0x3b41a
 .debug_macro   0x0000000000000000      0x2c1 ./Common/Src/system_stm32h7xx_dualcore_boot_cm4_cm7.o
 .debug_macro   0x00000000000002c1      0xa96 ./Common/Src/system_stm32h7xx_dualcore_boot_cm4_cm7.o
 .debug_macro   0x0000000000000d57       0x2e ./Common/Src/system_stm32h7xx_dualcore_boot_cm4_cm7.o
 .debug_macro   0x0000000000000d85       0x49 ./Common/Src/system_stm32h7xx_dualcore_boot_cm4_cm7.o
 .debug_macro   0x0000000000000dce       0x22 ./Common/Src/system_stm32h7xx_dualcore_boot_cm4_cm7.o
 .debug_macro   0x0000000000000df0       0x8e ./Common/Src/system_stm32h7xx_dualcore_boot_cm4_cm7.o
 .debug_macro   0x0000000000000e7e       0x51 ./Common/Src/system_stm32h7xx_dualcore_boot_cm4_cm7.o
 .debug_macro   0x0000000000000ecf      0x103 ./Common/Src/system_stm32h7xx_dualcore_boot_cm4_cm7.o
 .debug_macro   0x0000000000000fd2       0x6a ./Common/Src/system_stm32h7xx_dualcore_boot_cm4_cm7.o
 .debug_macro   0x000000000000103c      0x1df ./Common/Src/system_stm32h7xx_dualcore_boot_cm4_cm7.o
 .debug_macro   0x000000000000121b       0x1c ./Common/Src/system_stm32h7xx_dualcore_boot_cm4_cm7.o
 .debug_macro   0x0000000000001237       0x22 ./Common/Src/system_stm32h7xx_dualcore_boot_cm4_cm7.o
 .debug_macro   0x0000000000001259       0xfb ./Common/Src/system_stm32h7xx_dualcore_boot_cm4_cm7.o
 .debug_macro   0x0000000000001354     0x1305 ./Common/Src/system_stm32h7xx_dualcore_boot_cm4_cm7.o
 .debug_macro   0x0000000000002659      0x11f ./Common/Src/system_stm32h7xx_dualcore_boot_cm4_cm7.o
 .debug_macro   0x0000000000002778       0x27 ./Common/Src/system_stm32h7xx_dualcore_boot_cm4_cm7.o
 .debug_macro   0x000000000000279f    0x26d42 ./Common/Src/system_stm32h7xx_dualcore_boot_cm4_cm7.o
 .debug_macro   0x00000000000294e1       0x6d ./Common/Src/system_stm32h7xx_dualcore_boot_cm4_cm7.o
 .debug_macro   0x000000000002954e      0x23e ./Common/Src/system_stm32h7xx_dualcore_boot_cm4_cm7.o
 .debug_macro   0x000000000002978c     0x3d22 ./Common/Src/system_stm32h7xx_dualcore_boot_cm4_cm7.o
 .debug_macro   0x000000000002d4ae      0x174 ./Common/Src/system_stm32h7xx_dualcore_boot_cm4_cm7.o
 .debug_macro   0x000000000002d622       0x52 ./Common/Src/system_stm32h7xx_dualcore_boot_cm4_cm7.o
 .debug_macro   0x000000000002d674       0x1d ./Common/Src/system_stm32h7xx_dualcore_boot_cm4_cm7.o
 .debug_macro   0x000000000002d691       0x3c ./Common/Src/system_stm32h7xx_dualcore_boot_cm4_cm7.o
 .debug_macro   0x000000000002d6cd       0x34 ./Common/Src/system_stm32h7xx_dualcore_boot_cm4_cm7.o
 .debug_macro   0x000000000002d701       0x16 ./Common/Src/system_stm32h7xx_dualcore_boot_cm4_cm7.o
 .debug_macro   0x000000000002d717       0x43 ./Common/Src/system_stm32h7xx_dualcore_boot_cm4_cm7.o
 .debug_macro   0x000000000002d75a       0x34 ./Common/Src/system_stm32h7xx_dualcore_boot_cm4_cm7.o
 .debug_macro   0x000000000002d78e       0x10 ./Common/Src/system_stm32h7xx_dualcore_boot_cm4_cm7.o
 .debug_macro   0x000000000002d79e       0x58 ./Common/Src/system_stm32h7xx_dualcore_boot_cm4_cm7.o
 .debug_macro   0x000000000002d7f6       0x71 ./Common/Src/system_stm32h7xx_dualcore_boot_cm4_cm7.o
 .debug_macro   0x000000000002d867       0x1c ./Common/Src/system_stm32h7xx_dualcore_boot_cm4_cm7.o
 .debug_macro   0x000000000002d883      0x12a ./Common/Src/system_stm32h7xx_dualcore_boot_cm4_cm7.o
 .debug_macro   0x000000000002d9ad      0x341 ./Common/Src/system_stm32h7xx_dualcore_boot_cm4_cm7.o
 .debug_macro   0x000000000002dcee      0x19b ./Common/Src/system_stm32h7xx_dualcore_boot_cm4_cm7.o
 .debug_macro   0x000000000002de89       0x5d ./Common/Src/system_stm32h7xx_dualcore_boot_cm4_cm7.o
 .debug_macro   0x000000000002dee6     0x3a9d ./Common/Src/system_stm32h7xx_dualcore_boot_cm4_cm7.o
 .debug_macro   0x0000000000031983     0x1048 ./Common/Src/system_stm32h7xx_dualcore_boot_cm4_cm7.o
 .debug_macro   0x00000000000329cb      0x14d ./Common/Src/system_stm32h7xx_dualcore_boot_cm4_cm7.o
 .debug_macro   0x0000000000032b18      0x130 ./Common/Src/system_stm32h7xx_dualcore_boot_cm4_cm7.o
 .debug_macro   0x0000000000032c48      0x3be ./Common/Src/system_stm32h7xx_dualcore_boot_cm4_cm7.o
 .debug_macro   0x0000000000033006       0xac ./Common/Src/system_stm32h7xx_dualcore_boot_cm4_cm7.o
 .debug_macro   0x00000000000330b2      0x72d ./Common/Src/system_stm32h7xx_dualcore_boot_cm4_cm7.o
 .debug_macro   0x00000000000337df      0x228 ./Common/Src/system_stm32h7xx_dualcore_boot_cm4_cm7.o
 .debug_macro   0x0000000000033a07       0x66 ./Common/Src/system_stm32h7xx_dualcore_boot_cm4_cm7.o
 .debug_macro   0x0000000000033a6d      0x3bb ./Common/Src/system_stm32h7xx_dualcore_boot_cm4_cm7.o
 .debug_macro   0x0000000000033e28      0x407 ./Common/Src/system_stm32h7xx_dualcore_boot_cm4_cm7.o
 .debug_macro   0x000000000003422f      0x27c ./Common/Src/system_stm32h7xx_dualcore_boot_cm4_cm7.o
 .debug_macro   0x00000000000344ab      0x3ca ./Common/Src/system_stm32h7xx_dualcore_boot_cm4_cm7.o
 .debug_macro   0x0000000000034875      0x4a2 ./Common/Src/system_stm32h7xx_dualcore_boot_cm4_cm7.o
 .debug_macro   0x0000000000034d17       0x51 ./Common/Src/system_stm32h7xx_dualcore_boot_cm4_cm7.o
 .debug_macro   0x0000000000034d68       0x4a ./Common/Src/system_stm32h7xx_dualcore_boot_cm4_cm7.o
 .debug_macro   0x0000000000034db2      0x22c ./Common/Src/system_stm32h7xx_dualcore_boot_cm4_cm7.o
 .debug_macro   0x0000000000034fde       0x67 ./Common/Src/system_stm32h7xx_dualcore_boot_cm4_cm7.o
 .debug_macro   0x0000000000035045       0xa5 ./Common/Src/system_stm32h7xx_dualcore_boot_cm4_cm7.o
 .debug_macro   0x00000000000350ea      0x218 ./Common/Src/system_stm32h7xx_dualcore_boot_cm4_cm7.o
 .debug_macro   0x0000000000035302      0x2ea ./Common/Src/system_stm32h7xx_dualcore_boot_cm4_cm7.o
 .debug_macro   0x00000000000355ec       0x35 ./Common/Src/system_stm32h7xx_dualcore_boot_cm4_cm7.o
 .debug_macro   0x0000000000035621      0x34b ./Common/Src/system_stm32h7xx_dualcore_boot_cm4_cm7.o
 .debug_macro   0x000000000003596c      0x6b6 ./Common/Src/system_stm32h7xx_dualcore_boot_cm4_cm7.o
 .debug_macro   0x0000000000036022       0xe4 ./Common/Src/system_stm32h7xx_dualcore_boot_cm4_cm7.o
 .debug_macro   0x0000000000036106      0xaec ./Common/Src/system_stm32h7xx_dualcore_boot_cm4_cm7.o
 .debug_macro   0x0000000000036bf2      0x29f ./Common/Src/system_stm32h7xx_dualcore_boot_cm4_cm7.o
 .debug_macro   0x0000000000036e91      0x67e ./Common/Src/system_stm32h7xx_dualcore_boot_cm4_cm7.o
 .debug_macro   0x000000000003750f       0xa6 ./Common/Src/system_stm32h7xx_dualcore_boot_cm4_cm7.o
 .debug_macro   0x00000000000375b5      0x798 ./Common/Src/system_stm32h7xx_dualcore_boot_cm4_cm7.o
 .debug_macro   0x0000000000037d4d      0x3c8 ./Core/Src/main.o
 .debug_macro   0x0000000000038115       0x1c ./Core/Src/main.o
 .debug_macro   0x0000000000038131       0x35 ./Core/Src/main.o
 .debug_macro   0x0000000000038166       0x10 ./Core/Src/main.o
 .debug_macro   0x0000000000038176       0x10 ./Core/Src/main.o
 .debug_macro   0x0000000000038186       0x1c ./Core/Src/main.o
 .debug_macro   0x00000000000381a2       0x52 ./Core/Src/main.o
 .debug_macro   0x00000000000381f4       0x22 ./Core/Src/main.o
 .debug_macro   0x0000000000038216       0x10 ./Core/Src/main.o
 .debug_macro   0x0000000000038226       0x52 ./Core/Src/main.o
 .debug_macro   0x0000000000038278       0xd5 ./Core/Src/main.o
 .debug_macro   0x000000000003834d       0x1c ./Core/Src/main.o
 .debug_macro   0x0000000000038369       0x3d ./Core/Src/main.o
 .debug_macro   0x00000000000383a6       0x16 ./Core/Src/main.o
 .debug_macro   0x00000000000383bc      0x145 ./Core/Src/main.o
 .debug_macro   0x0000000000038501       0x16 ./Core/Src/main.o
 .debug_macro   0x0000000000038517       0x20 ./Core/Src/main.o
 .debug_macro   0x0000000000038537      0x2cb ./Core/Src/stm32h7xx_hal_msp.o
 .debug_macro   0x0000000000038802      0x3c6 ./Core/Src/stm32h7xx_it.o
 .debug_macro   0x0000000000038bc8       0xff ./Core/Src/sysmem.o
 .debug_macro   0x0000000000038cc7      0x23b ./Core/Src/sysmem.o
 .debug_macro   0x0000000000038f02      0x2eb ./Drivers/STM32H7xx_HAL_Driver/stm32h7xx_hal.o
 .debug_macro   0x00000000000391ed      0x2c1 ./Drivers/STM32H7xx_HAL_Driver/stm32h7xx_hal_cortex.o
 .debug_macro   0x00000000000394ae      0x314 ./Drivers/STM32H7xx_HAL_Driver/stm32h7xx_hal_dma.o
 .debug_macro   0x00000000000397c2      0x2d5 ./Drivers/STM32H7xx_HAL_Driver/stm32h7xx_hal_gpio.o
 .debug_macro   0x0000000000039a97      0x2fa ./Drivers/STM32H7xx_HAL_Driver/stm32h7xx_hal_pwr_ex.o
 .debug_macro   0x0000000000039d91      0x2e5 ./Drivers/STM32H7xx_HAL_Driver/stm32h7xx_hal_rcc.o
 .debug_macro   0x000000000003a076      0x2df ./Drivers/STM32H7xx_HAL_Driver/stm32h7xx_hal_rcc_ex.o
 .debug_macro   0x000000000003a355      0x2c2 ./Drivers/STM32H7xx_HAL_Driver/stm32h7xx_hal_rtc.o