../Core/Src/main.c:108:6:DMA2_Stream0_IRQHandler	48	static
../Core/Src/main.c:138:6:TIM5_IRQHandler	8	static
../Core/Src/main.c:156:6:TIM4_IRQHandler	8	static
../Core/Src/main.c:168:6:set_time	32	static
../Core/Src/main.c:199:6:set_alarm	48	static
../Core/Src/main.c:222:6:HAL_RTC_AlarmAEventCallback	16	static
../Core/Src/main.c:246:5:main	24	static,ignoring_inline_asm
../Core/Src/main.c:392:6:SystemClock_Config	120	static
../Core/Src/main.c:452:13:MX_RTC_Init	8	static
../Core/Src/main.c:521:13:MX_TIM1_Init	112	static
../Core/Src/main.c:601:13:MX_TIM4_Init	40	static
../Core/Src/main.c:646:13:MX_TIM5_Init	40	static
../Core/Src/main.c:691:13:MX_USART3_UART_Init	8	static
../Core/Src/main.c:740:13:MX_DMA_Init	16	static
../Core/Src/main.c:802:13:MX_GPIO_Init	56	static
../Core/Src/main.c:842:6:MPU_Config	24	static
../Core/Src/main.c:873:6:Error_Handler	4	static,ignoring_inline_asm
