../Core/Src/stm32h7xx_it.c:101:6:NMI_Handler	4	static
../Core/Src/stm32h7xx_it.c:116:6:HardFault_Handler	4	static
../Core/Src/stm32h7xx_it.c:131:6:MemManage_Handler	4	static
../Core/Src/stm32h7xx_it.c:146:6:BusFault_Handler	4	static
../Core/Src/stm32h7xx_it.c:161:6:UsageFault_Handler	4	static
../Core/Src/stm32h7xx_it.c:176:6:SVC_Handler	4	static
../Core/Src/stm32h7xx_it.c:189:6:DebugMon_Handler	4	static
../Core/Src/stm32h7xx_it.c:202:6:PendSV_Handler	4	static
../Core/Src/stm32h7xx_it.c:215:6:SysTick_Handler	8	static
../Core/Src/stm32h7xx_it.c:236:6:TIM1_UP_IRQHandler	8	static
../Core/Src/stm32h7xx_it.c:265:6:USART3_IRQHandler	8	static
../Core/Src/stm32h7xx_it.c:279:6:RTC_Alarm_IRQHandler	8	static
../Core/Src/stm32h7xx_it.c:331:6:DMA2_Stream1_IRQHandler	8	static
../Core/Src/stm32h7xx_it.c:345:6:DMA2_Stream2_IRQHandler	8	static
