Archive member included to satisfy reference by file (symbol)

/Applications/STM32CubeIDE.app/Contents/Eclipse/plugins/com.st.stm32cube.ide.mcu.externaltools.gnu-tools-for-stm32.10.3-2021.10.macos64_1.0.0.202111181127/tools/bin/../lib/gcc/arm-none-eabi/10.3.1/../../../../arm-none-eabi/lib/thumb/v7e-m+fp/hard/libc_nano.a(lib_a-errno.o)
                              ./Core/Src/syscalls.o (__errno)
/Applications/STM32CubeIDE.app/Contents/Eclipse/plugins/com.st.stm32cube.ide.mcu.externaltools.gnu-tools-for-stm32.10.3-2021.10.macos64_1.0.0.202111181127/tools/bin/../lib/gcc/arm-none-eabi/10.3.1/../../../../arm-none-eabi/lib/thumb/v7e-m+fp/hard/libc_nano.a(lib_a-exit.o)
                              /Applications/STM32CubeIDE.app/Contents/Eclipse/plugins/com.st.stm32cube.ide.mcu.externaltools.gnu-tools-for-stm32.10.3-2021.10.macos64_1.0.0.202111181127/tools/bin/../lib/gcc/arm-none-eabi/10.3.1/../../../../arm-none-eabi/lib/thumb/v7e-m+fp/hard/crt0.o (exit)
/Applications/STM32CubeIDE.app/Contents/Eclipse/plugins/com.st.stm32cube.ide.mcu.externaltools.gnu-tools-for-stm32.10.3-2021.10.macos64_1.0.0.202111181127/tools/bin/../lib/gcc/arm-none-eabi/10.3.1/../../../../arm-none-eabi/lib/thumb/v7e-m+fp/hard/libc_nano.a(lib_a-impure.o)
                              /Applications/STM32CubeIDE.app/Contents/Eclipse/plugins/com.st.stm32cube.ide.mcu.externaltools.gnu-tools-for-stm32.10.3-2021.10.macos64_1.0.0.202111181127/tools/bin/../lib/gcc/arm-none-eabi/10.3.1/../../../../arm-none-eabi/lib/thumb/v7e-m+fp/hard/libc_nano.a(lib_a-exit.o) (_global_impure_ptr)
/Applications/STM32CubeIDE.app/Contents/Eclipse/plugins/com.st.stm32cube.ide.mcu.externaltools.gnu-tools-for-stm32.10.3-2021.10.macos64_1.0.0.202111181127/tools/bin/../lib/gcc/arm-none-eabi/10.3.1/../../../../arm-none-eabi/lib/thumb/v7e-m+fp/hard/libc_nano.a(lib_a-init.o)
                              /Applications/STM32CubeIDE.app/Contents/Eclipse/plugins/com.st.stm32cube.ide.mcu.externaltools.gnu-tools-for-stm32.10.3-2021.10.macos64_1.0.0.202111181127/tools/bin/../lib/gcc/arm-none-eabi/10.3.1/../../../../arm-none-eabi/lib/thumb/v7e-m+fp/hard/crt0.o (__libc_init_array)
/Applications/STM32CubeIDE.app/Contents/Eclipse/plugins/com.st.stm32cube.ide.mcu.externaltools.gnu-tools-for-stm32.10.3-2021.10.macos64_1.0.0.202111181127/tools/bin/../lib/gcc/arm-none-eabi/10.3.1/../../../../arm-none-eabi/lib/thumb/v7e-m+fp/hard/libc_nano.a(lib_a-memset.o)
                              /Applications/STM32CubeIDE.app/Contents/Eclipse/plugins/com.st.stm32cube.ide.mcu.externaltools.gnu-tools-for-stm32.10.3-2021.10.macos64_1.0.0.202111181127/tools/bin/../lib/gcc/arm-none-eabi/10.3.1/../../../../arm-none-eabi/lib/thumb/v7e-m+fp/hard/crt0.o (memset)

Discarded input sections

 .text          0x0000000000000000        0x0 /Applications/STM32CubeIDE.app/Contents/Eclipse/plugins/com.st.stm32cube.ide.mcu.externaltools.gnu-tools-for-stm32.10.3-2021.10.macos64_1.0.0.202111181127/tools/bin/../lib/gcc/arm-none-eabi/10.3.1/thumb/v7e-m+fp/hard/crti.o
 .data          0x0000000000000000        0x0 /Applications/STM32CubeIDE.app/Contents/Eclipse/plugins/com.st.stm32cube.ide.mcu.externaltools.gnu-tools-for-stm32.10.3-2021.10.macos64_1.0.0.202111181127/tools/bin/../lib/gcc/arm-none-eabi/10.3.1/thumb/v7e-m+fp/hard/crti.o
 .bss           0x0000000000000000        0x0 /Applications/STM32CubeIDE.app/Contents/Eclipse/plugins/com.st.stm32cube.ide.mcu.externaltools.gnu-tools-for-stm32.10.3-2021.10.macos64_1.0.0.202111181127/tools/bin/../lib/gcc/arm-none-eabi/10.3.1/thumb/v7e-m+fp/hard/crti.o
 .data          0x0000000000000000        0x4 /Applications/STM32CubeIDE.app/Contents/Eclipse/plugins/com.st.stm32cube.ide.mcu.externaltools.gnu-tools-for-stm32.10.3-2021.10.macos64_1.0.0.202111181127/tools/bin/../lib/gcc/arm-none-eabi/10.3.1/thumb/v7e-m+fp/hard/crtbegin.o
 .rodata        0x0000000000000000       0x24 /Applications/STM32CubeIDE.app/Contents/Eclipse/plugins/com.st.stm32cube.ide.mcu.externaltools.gnu-tools-for-stm32.10.3-2021.10.macos64_1.0.0.202111181127/tools/bin/../lib/gcc/arm-none-eabi/10.3.1/thumb/v7e-m+fp/hard/crtbegin.o
 .text          0x0000000000000000       0x7c /Applications/STM32CubeIDE.app/Contents/Eclipse/plugins/com.st.stm32cube.ide.mcu.externaltools.gnu-tools-for-stm32.10.3-2021.10.macos64_1.0.0.202111181127/tools/bin/../lib/gcc/arm-none-eabi/10.3.1/../../../../arm-none-eabi/lib/thumb/v7e-m+fp/hard/crt0.o
 .data          0x0000000000000000        0x0 /Applications/STM32CubeIDE.app/Contents/Eclipse/plugins/com.st.stm32cube.ide.mcu.externaltools.gnu-tools-for-stm32.10.3-2021.10.macos64_1.0.0.202111181127/tools/bin/../lib/gcc/arm-none-eabi/10.3.1/../../../../arm-none-eabi/lib/thumb/v7e-m+fp/hard/crt0.o
 .bss           0x0000000000000000        0x0 /Applications/STM32CubeIDE.app/Contents/Eclipse/plugins/com.st.stm32cube.ide.mcu.externaltools.gnu-tools-for-stm32.10.3-2021.10.macos64_1.0.0.202111181127/tools/bin/../lib/gcc/arm-none-eabi/10.3.1/../../../../arm-none-eabi/lib/thumb/v7e-m+fp/hard/crt0.o
[...]
Memory Configuration

Name             Origin             Length             Attributes
FLASH            0x0000000008100000 0x0000000000100000 xr
RAM              0x0000000010000000 0x0000000000048000 xrw
*default*        0x0000000000000000 0xffffffffffffffff

Linker script and memory map

LOAD /Applications/STM32CubeIDE.app/Contents/Eclipse/plugins/com.st.stm32cube.ide.mcu.externaltools.gnu-tools-for-stm32.10.3-2021.10.macos64_1.0.0.202111181127/tools/bin/../lib/gcc/arm-none-eabi/10.3.1/thumb/v7e-m+fp/hard/crti.o
LOAD /Applications/STM32CubeIDE.app/Contents/Eclipse/plugins/com.st.stm32cube.ide.mcu.externaltools.gnu-tools-for-stm32.10.3-2021.10.macos64_1.0.0.202111181127/tools/bin/../lib/gcc/arm-none-eabi/10.3.1/thumb/v7e-m+fp/hard/crtbegin.o
LOAD /Applications/STM32CubeIDE.app/Contents/Eclipse/plugins/com.st.stm32cube.ide.mcu.externaltools.gnu-tools-for-stm32.10.3-2021.10.macos64_1.0.0.202111181127/tools/bin/../lib/gcc/arm-none-eabi/10.3.1/../../../../arm-none-eabi/lib/thumb/v7e-m+fp/hard/crt0.o
LOAD ./Common/Src/system_stm32h7xx_dualcore_boot_cm4_cm7.o
LOAD ./Core/Src/main.o
LOAD ./Core/Src/stm32h7xx_hal_msp.o
LOAD ./Core/Src/stm32h7xx_it.o
LOAD ./Core/Src/syscalls.o
LOAD ./Core/Src/sysmem.o
LOAD ./Core/Startup/startup_stm32h745xihx.o
LOAD ./Drivers/STM32H7xx_HAL_Driver/stm32h7xx_hal.o
LOAD ./Drivers/STM32H7xx_HAL_Driver/stm32h7xx_hal_cortex.o
LOAD ./Drivers/STM32H7xx_HAL_Driver/stm32h7xx_hal_dma.o
LOAD ./Drivers/STM32H7xx_HAL_Driver/stm32h7xx_hal_dma_ex.o
LOAD ./Drivers/STM32H7xx_HAL_Driver/stm32h7xx_hal_exti.o
LOAD ./Drivers/STM32H7xx_HAL_Driver/stm32h7xx_hal_flash.o
LOAD ./Drivers/STM32H7xx_HAL_Driver/stm32h7xx_hal_flash_ex.o
LOAD ./Drivers/STM32H7xx_HAL_Driver/stm32h7xx_hal_gpio.o
LOAD ./Drivers/STM32H7xx_HAL_Driver/stm32h7xx_hal_hsem.o
LOAD ./Drivers/STM32H7xx_HAL_Driver/stm32h7xx_hal_i2c.o
LOAD ./Drivers/STM32H7xx_HAL_Driver/stm32h7xx_hal_i2c_ex.o
LOAD ./Drivers/STM32H7xx_HAL_Driver/stm32h7xx_hal_mdma.o
LOAD ./Drivers/STM32H7xx_HAL_Driver/stm32h7xx_hal_pwr.o
LOAD ./Drivers/STM32H7xx_HAL_Driver/stm32h7xx_hal_pwr_ex.o
LOAD ./Drivers/STM32H7xx_HAL_Driver/stm32h7xx_hal_rcc.o
LOAD ./Drivers/STM32H7xx_HAL_Driver/stm32h7xx_hal_rcc_ex.o
LOAD ./Drivers/STM32H7xx_HAL_Driver/stm32h7xx_hal_tim.o
LOAD ./Drivers/STM32H7xx_HAL_Driver/stm32h7xx_hal_tim_ex.o
START GROUP
LOAD /Applications/STM32CubeIDE.app/Contents/Eclipse/plugins/com.st.stm32cube.ide.mcu.externaltools.gnu-tools-for-stm32.10.3-2021.10.macos64_1.0.0.202111181127/tools/bin/../lib/gcc/arm-none-eabi/10.3.1/../../../../arm-none-eabi/lib/thumb/v7e-m+fp/hard/libc_nano.a
LOAD /Applications/STM32CubeIDE.app/Contents/Eclipse/plugins/com.st.stm32cube.ide.mcu.externaltools.gnu-tools-for-stm32.10.3-2021.10.macos64_1.0.0.202111181127/tools/bin/../lib/gcc/arm-none-eabi/10.3.1/../../../../arm-none-eabi/lib/thumb/v7e-m+fp/hard/libm.a
END GROUP
START GROUP
LOAD /Applications/STM32CubeIDE.app/Contents/Eclipse/plugins/com.st.stm32cube.ide.mcu.externaltools.gnu-tools-for-stm32.10.3-2021.10.macos64_1.0.0.202111181127/tools/bin/../lib/gcc/arm-none-eabi/10.3.1/thumb/v7e-m+fp/hard/libgcc.a
LOAD /Applications/STM32CubeIDE.app/Contents/Eclipse/plugins/com.st.stm32cube.ide.mcu.externaltools.gnu-tools-for-stm32.10.3-2021.10.macos64_1.0.0.202111181127/tools/bin/../lib/gcc/arm-none-eabi/10.3.1/../../../../arm-none-eabi/lib/thumb/v7e-m+fp/hard/libc_nano.a
END GROUP
START GROUP
LOAD /Applications/STM32CubeIDE.app/Contents/Eclipse/plugins/com.st.stm32cube.ide.mcu.externaltools.gnu-tools-for-stm32.10.3-2021.10.macos64_1.0.0.202111181127/tools/bin/../lib/gcc/arm-none-eabi/10.3.1/thumb/v7e-m+fp/hard/libgcc.a
LOAD /Applications/STM32CubeIDE.app/Contents/Eclipse/plugins/com.st.stm32cube.ide.mcu.externaltools.gnu-tools-for-stm32.10.3-2021.10.macos64_1.0.0.202111181127/tools/bin/../lib/gcc/arm-none-eabi/10.3.1/../../../../arm-none-eabi/lib/thumb/v7e-m+fp/hard/libc_nano.a
LOAD /Applications/STM32CubeIDE.app/Contents/Eclipse/plugins/com.st.stm32cube.ide.mcu.externaltools.gnu-tools-for-stm32.10.3-2021.10.macos64_1.0.0.202111181127/tools/bin/../lib/gcc/arm-none-eabi/10.3.1/../../../../arm-none-eabi/lib/thumb/v7e-m+fp/hard/libnosys.a
END GROUP
START GROUP
LOAD /Applications/STM32CubeIDE.app/Contents/Eclipse/plugins/com.st.stm32cube.ide.mcu.externaltools.gnu-tools-for-stm32.10.3-2021.10.macos64_1.0.0.202111181127/tools/bin/../lib/gcc/arm-none-eabi/10.3.1/thumb/v7e-m+fp/hard/libgcc.a
LOAD /Applications/STM32CubeIDE.app/Contents/Eclipse/plugins/com.st.stm32cube.ide.mcu.externaltools.gnu-tools-for-stm32.10.3-2021.10.macos64_1.0.0.202111181127/tools/bin/../lib/gcc/arm-none-eabi/10.3.1/../../../../arm-none-eabi/lib/thumb/v7e-m+fp/hard/libc_nano.a
LOAD /Applications/STM32CubeIDE.app/Contents/Eclipse/plugins/com.st.stm32cube.ide.mcu.externaltools.gnu-tools-for-stm32.10.3-2021.10.macos64_1.0.0.202111181127/tools/bin/../lib/gcc/arm-none-eabi/10.3.1/../../../../arm-none-eabi/lib/thumb/v7e-m+fp/hard/libnosys.a
END GROUP
LOAD /Applications/STM32CubeIDE.app/Contents/Eclipse/plugins/com.st.stm32cube.ide.mcu.externaltools.gnu-tools-for-stm32.10.3-2021.10.macos64_1.0.0.202111181127/tools/bin/../lib/gcc/arm-none-eabi/10.3.1/thumb/v7e-m+fp/hard/crtend.o
LOAD /Applications/STM32CubeIDE.app/Contents/Eclipse/plugins/com.st.stm32cube.ide.mcu.externaltools.gnu-tools-for-stm32.10.3-2021.10.macos64_1.0.0.202111181127/tools/bin/../lib/gcc/arm-none-eabi/10.3.1/thumb/v7e-m+fp/hard/crtn.o
                0x0000000010048000                _estack = (ORIGIN (RAM) + LENGTH (RAM))
                0x0000000000000200                _Min_Heap_Size = 0x200
                0x0000000000000400                _Min_Stack_Size = 0x400

.isr_vector     0x0000000008100000      0x298
                0x0000000008100000                . = ALIGN (0x4)
 *(.isr_vector)
 .isr_vector    0x0000000008100000      0x298 ./Core/Startup/startup_stm32h745xihx.o
                0x0000000008100000                g_pfnVectors
                0x0000000008100298                . = ALIGN (0x4)

.text           0x0000000008100298     0x1584
                0x0000000008100298                . = ALIGN (0x4)
 *(.text)
 .text          0x0000000008100298       0x40 /Applications/STM32CubeIDE.app/Contents/Eclipse/plugins/com.st.stm32cube.ide.mcu.externaltools.gnu-tools-for-stm32.10.3-2021.10.macos64_1.0.0.202111181127/tools/bin/../lib/gcc/arm-none-eabi/10.3.1/thumb/v7e-m+fp/hard/crtbegin.o
 *(.text*)
 .text.SystemInit
                0x00000000081002d8       0x30 ./Common/Src/system_stm32h7xx_dualcore_boot_cm4_cm7.o
                0x00000000081002d8                SystemInit
 .text.main     0x0000000008100308       0x80 ./Core/Src/main.o
                0x0000000008100308                main
 .text.MX_DMA_Init
                0x0000000008100388       0xa0 ./Core/Src/main.o
 .text.Error_Handler
                0x0000000008100428        0xa ./Core/Src/main.o
                0x0000000008100428                Error_Handler
 *fill*         0x0000000008100432        0x2 
 .text.HAL_MspInit
                0x0000000008100434       0x34 ./Core/Src/stm32h7xx_hal_msp.o
                0x0000000008100434                HAL_MspInit
 .text.NMI_Handler
                0x0000000008100468        0x6 ./Core/Src/stm32h7xx_it.o
                0x0000000008100468                NMI_Handler
 .text.HardFault_Handler
                0x000000000810046e        0x6 ./Core/Src/stm32h7xx_it.o
                0x000000000810046e                HardFault_Handler
 .text.MemManage_Handler
                0x0000000008100474        0x6 ./Core/Src/stm32h7xx_it.o
                0x0000000008100474                MemManage_Handler
 .text.BusFault_Handler
                0x000000000810047a        0x6 ./Core/Src/stm32h7xx_it.o
                0x000000000810047a                BusFault_Handler
 .text.UsageFault_Handler
                0x0000000008100480        0x6 ./Core/Src/stm32h7xx_it.o
                0x0000000008100480                UsageFault_Handler
 .text.SVC_Handler
                0x0000000008100486        0xe ./Core/Src/stm32h7xx_it.o
                0x0000000008100486                SVC_Handler
 .text.DebugMon_Handler
                0x0000000008100494        0xe ./Core/Src/stm32h7xx_it.o
                0x0000000008100494                DebugMon_Handler
 .text.PendSV_Handler
                0x00000000081004a2        0xe ./Core/Src/stm32h7xx_it.o
                0x00000000081004a2                PendSV_Handler
 .text.SysTick_Handler
                0x00000000081004b0        0xc ./Core/Src/stm32h7xx_it.o
                0x00000000081004b0                SysTick_Handler
 .text.Reset_Handler
                0x00000000081004bc       0x50 ./Core/Startup/startup_stm32h745xihx.o
                0x00000000081004bc                Reset_Handler
 .text.Default_Handler
                0x000000000810050c        0x2 ./Core/Startup/startup_stm32h745xihx.o
                0x000000000810050c                DMA1_Stream3_IRQHandler
                0x000000000810050c                EXTI2_IRQHandler
                0x000000000810050c                TIM8_CC_IRQHandler
                0x000000000810050c                HRTIM1_Master_IRQHandler
                0x000000000810050c                UART8_IRQHandler
                0x000000000810050c                SPI4_IRQHandler
                0x000000000810050c                TIM1_CC_IRQHandler
                0x000000000810050c                BDMA_Channel6_IRQHandler
                0x000000000810050c                DMA2_Stream5_IRQHandler
                0x000000000810050c                HRTIM1_FLT_IRQHandler
                0x000000000810050c                JPEG_IRQHandler
                0x000000000810050c                DMA1_Stream5_IRQHandler
                0x000000000810050c                BDMA_Channel1_IRQHandler
                0x000000000810050c                HRTIM1_TIMD_IRQHandler
                0x000000000810050c                TAMP_STAMP_IRQHandler
                0x000000000810050c                EXTI3_IRQHandler
                0x000000000810050c                LPTIM4_IRQHandler
                0x000000000810050c                TIM8_TRG_COM_TIM14_IRQHandler
                0x000000000810050c                LPTIM2_IRQHandler
                0x000000000810050c                DFSDM1_FLT1_IRQHandler
                0x000000000810050c                DMAMUX2_OVR_IRQHandler
                0x000000000810050c                TIM8_UP_TIM13_IRQHandler
                0x000000000810050c                I2C3_ER_IRQHandler
                0x000000000810050c                DFSDM1_FLT2_IRQHandler
                0x000000000810050c                MDMA_IRQHandler
                0x000000000810050c                LPTIM3_IRQHandler
                0x000000000810050c                HSEM1_IRQHandler
                0x000000000810050c                EXTI0_IRQHandler
                0x000000000810050c                I2C2_EV_IRQHandler
                0x000000000810050c                DMA1_Stream2_IRQHandler
                0x000000000810050c                FPU_IRQHandler
                0x000000000810050c                OTG_HS_WKUP_IRQHandler
                0x000000000810050c                FDCAN1_IT1_IRQHandler
                0x000000000810050c                LTDC_ER_IRQHandler
                0x000000000810050c                DMA2_Stream2_IRQHandler
                0x000000000810050c                HRTIM1_TIME_IRQHandler
                0x000000000810050c                SPI1_IRQHandler
                0x000000000810050c                TIM6_DAC_IRQHandler
                0x000000000810050c                DCMI_IRQHandler
                0x000000000810050c                HRTIM1_TIMC_IRQHandler
                0x000000000810050c                DMA2_Stream3_IRQHandler
                0x000000000810050c                SAI2_IRQHandler
                0x000000000810050c                DFSDM1_FLT3_IRQHandler
                0x000000000810050c                USART6_IRQHandler
                0x000000000810050c                TIM17_IRQHandler
                0x000000000810050c                USART3_IRQHandler
                0x000000000810050c                BDMA_Channel7_IRQHandler
                0x000000000810050c                LPTIM5_IRQHandler
                0x000000000810050c                UART5_IRQHandler
                0x000000000810050c                ADC3_IRQHandler
                0x000000000810050c                DMA2_Stream0_IRQHandler
                0x000000000810050c                TIM4_IRQHandler
                0x000000000810050c                BDMA_Channel2_IRQHandler
                0x000000000810050c                QUADSPI_IRQHandler
                0x000000000810050c                I2C1_EV_IRQHandler
                0x000000000810050c                DMA1_Stream6_IRQHandler
                0x000000000810050c                DMAMUX1_OVR_IRQHandler
                0x000000000810050c                DMA1_Stream1_IRQHandler
                0x000000000810050c                TIM16_IRQHandler
                0x000000000810050c                UART4_IRQHandler
                0x000000000810050c                BDMA_Channel5_IRQHandler
                0x000000000810050c                TIM3_IRQHandler
                0x000000000810050c                RCC_IRQHandler
                0x000000000810050c                TIM8_BRK_TIM12_IRQHandler
                0x000000000810050c                TIM1_TRG_COM_IRQHandler
                0x000000000810050c                Default_Handler
                0x000000000810050c                ECC_IRQHandler
                0x000000000810050c                CEC_IRQHandler
                0x000000000810050c                EXTI15_10_IRQHandler
                0x000000000810050c                BDMA_Channel0_IRQHandler
                0x000000000810050c                ADC_IRQHandler
                0x000000000810050c                DMA1_Stream7_IRQHandler
                0x000000000810050c                HRTIM1_TIMA_IRQHandler
                0x000000000810050c                SPI5_IRQHandler
                0x000000000810050c                TIM7_IRQHandler
                0x000000000810050c                SDMMC1_IRQHandler
                0x000000000810050c                TIM5_IRQHandler
                0x000000000810050c                DMA2_Stream7_IRQHandler
                0x000000000810050c                TIM15_IRQHandler
                0x000000000810050c                PVD_AVD_IRQHandler
                0x000000000810050c                I2C3_EV_IRQHandler
                0x000000000810050c                EXTI9_5_IRQHandler
                0x000000000810050c                RTC_WKUP_IRQHandler
                0x000000000810050c                LTDC_IRQHandler
                0x000000000810050c                SAI3_IRQHandler
                0x000000000810050c                ETH_WKUP_IRQHandler
                0x000000000810050c                SPDIF_RX_IRQHandler
                0x000000000810050c                SPI2_IRQHandler
                0x000000000810050c                OTG_HS_EP1_IN_IRQHandler
                0x000000000810050c                DMA1_Stream0_IRQHandler
                0x000000000810050c                CRS_IRQHandler
                0x000000000810050c                CM7_SEV_IRQHandler
                0x000000000810050c                EXTI4_IRQHandler
                0x000000000810050c                RNG_IRQHandler
                0x000000000810050c                CM4_SEV_IRQHandler
                0x000000000810050c                HRTIM1_TIMB_IRQHandler
                0x000000000810050c                FDCAN2_IT1_IRQHandler
                0x000000000810050c                ETH_IRQHandler
                0x000000000810050c                TIM1_UP_IRQHandler
                0x000000000810050c                WWDG_RST_IRQHandler
                0x000000000810050c                BDMA_Channel4_IRQHandler
                0x000000000810050c                OTG_HS_EP1_OUT_IRQHandler
                0x000000000810050c                WWDG_IRQHandler
                0x000000000810050c                SPI6_IRQHandler
                0x000000000810050c                MDIOS_IRQHandler
                0x000000000810050c                I2C4_EV_IRQHandler
                0x000000000810050c                FDCAN2_IT0_IRQHandler
                0x000000000810050c                LPUART1_IRQHandler
                0x000000000810050c                FDCAN1_IT0_IRQHandler
                0x000000000810050c                TIM2_IRQHandler
                0x000000000810050c                OTG_FS_WKUP_IRQHandler
                0x000000000810050c                OTG_HS_IRQHandler
                0x000000000810050c                HSEM2_IRQHandler
                0x000000000810050c                DMA2D_IRQHandler
                0x000000000810050c                TIM1_BRK_IRQHandler
                0x000000000810050c                EXTI1_IRQHandler
                0x000000000810050c                SDMMC2_IRQHandler
                0x000000000810050c                OTG_FS_EP1_OUT_IRQHandler
                0x000000000810050c                BDMA_Channel3_IRQHandler
                0x000000000810050c                HOLD_CORE_IRQHandler
                0x000000000810050c                UART7_IRQHandler
                0x000000000810050c                MDIOS_WKUP_IRQHandler
                0x000000000810050c                USART2_IRQHandler
                0x000000000810050c                DFSDM1_FLT0_IRQHandler
                0x000000000810050c                SAI4_IRQHandler
                0x000000000810050c                I2C2_ER_IRQHandler
                0x000000000810050c                DMA2_Stream1_IRQHandler
                0x000000000810050c                FLASH_IRQHandler
                0x000000000810050c                DMA2_Stream4_IRQHandler
                0x000000000810050c                USART1_IRQHandler
                0x000000000810050c                OTG_FS_IRQHandler
                0x000000000810050c                SPI3_IRQHandler
                0x000000000810050c                WAKEUP_PIN_IRQHandler
                0x000000000810050c                DMA1_Stream4_IRQHandler
                0x000000000810050c                OTG_FS_EP1_IN_IRQHandler
                0x000000000810050c                I2C1_ER_IRQHandler
                0x000000000810050c                FMC_IRQHandler
                0x000000000810050c                FDCAN_CAL_IRQHandler
                0x000000000810050c                SWPMI1_IRQHandler
                0x000000000810050c                COMP1_IRQHandler
                0x000000000810050c                LPTIM1_IRQHandler
                0x000000000810050c                I2C4_ER_IRQHandler
                0x000000000810050c                DMA2_Stream6_IRQHandler
                0x000000000810050c                SAI1_IRQHandler
                0x000000000810050c                RTC_Alarm_IRQHandler
 *fill*         0x000000000810050e        0x2 
 .text.HAL_Init
                0x0000000008100510       0xbc ./Drivers/STM32H7xx_HAL_Driver/stm32h7xx_hal.o
                0x0000000008100510                HAL_Init
 .text.HAL_InitTick
                0x00000000081005cc       0x6c ./Drivers/STM32H7xx_HAL_Driver/stm32h7xx_hal.o
                0x00000000081005cc                HAL_InitTick
 .text.HAL_IncTick
                0x0000000008100638       0x28 ./Drivers/STM32H7xx_HAL_Driver/stm32h7xx_hal.o
                0x0000000008100638                HAL_IncTick
 .text.HAL_GetTick
                0x0000000008100660       0x18 ./Drivers/STM32H7xx_HAL_Driver/stm32h7xx_hal.o
                0x0000000008100660                HAL_GetTick
 .text.__NVIC_SetPriorityGrouping
                0x0000000008100678       0x48 ./Drivers/STM32H7xx_HAL_Driver/stm32h7xx_hal_cortex.o
 .text.__NVIC_GetPriorityGrouping
                0x00000000081006c0       0x1c ./Drivers/STM32H7xx_HAL_Driver/stm32h7xx_hal_cortex.o
 .text.__NVIC_SetPriority
                0x00000000081006dc       0x54 ./Drivers/STM32H7xx_HAL_Driver/stm32h7xx_hal_cortex.o
 .text.NVIC_EncodePriority
                0x0000000008100730       0x66 ./Drivers/STM32H7xx_HAL_Driver/stm32h7xx_hal_cortex.o
 *fill*         0x0000000008100796        0x2 
 .text.SysTick_Config
                0x0000000008100798       0x44 ./Drivers/STM32H7xx_HAL_Driver/stm32h7xx_hal_cortex.o
 .text.HAL_NVIC_SetPriorityGrouping
                0x00000000081007dc       0x16 ./Drivers/STM32H7xx_HAL_Driver/stm32h7xx_hal_cortex.o
                0x00000000081007dc                HAL_NVIC_SetPriorityGrouping
 .text.HAL_NVIC_SetPriority
                0x00000000081007f2       0x34 ./Drivers/STM32H7xx_HAL_Driver/stm32h7xx_hal_cortex.o
                0x00000000081007f2                HAL_NVIC_SetPriority
 .text.HAL_SYSTICK_Config
                0x0000000008100826       0x18 ./Drivers/STM32H7xx_HAL_Driver/stm32h7xx_hal_cortex.o
                0x0000000008100826                HAL_SYSTICK_Config
 *fill*         0x000000000810083e        0x2 
 .text.HAL_GetCurrentCPUID
                0x0000000008100840       0x28 ./Drivers/STM32H7xx_HAL_Driver/stm32h7xx_hal_cortex.o
                0x0000000008100840                HAL_GetCurrentCPUID
 .text.HAL_DMA_Init
                0x0000000008100868      0x6b4 ./Drivers/STM32H7xx_HAL_Driver/stm32h7xx_hal_dma.o
                0x0000000008100868                HAL_DMA_Init
 .text.DMA_CalcBaseAndBitshift
                0x0000000008100f1c      0x164 ./Drivers/STM32H7xx_HAL_Driver/stm32h7xx_hal_dma.o
 .text.DMA_CheckFifoParam
                0x0000000008101080       0xf8 ./Drivers/STM32H7xx_HAL_Driver/stm32h7xx_hal_dma.o
 .text.DMA_CalcDMAMUXChannelBaseAndMask
                0x0000000008101178      0x134 ./Drivers/STM32H7xx_HAL_Driver/stm32h7xx_hal_dma.o
 .text.DMA_CalcDMAMUXRequestGenBaseAndMask
                0x00000000081012ac       0xe8 ./Drivers/STM32H7xx_HAL_Driver/stm32h7xx_hal_dma.o
 .text.HAL_HSEM_ActivateNotification
                0x0000000008101394       0x24 ./Drivers/STM32H7xx_HAL_Driver/stm32h7xx_hal_hsem.o
                0x0000000008101394                HAL_HSEM_ActivateNotification
 .text.HAL_PWREx_EnterSTOPMode
                0x00000000081013b8       0xf4 ./Drivers/STM32H7xx_HAL_Driver/stm32h7xx_hal_pwr_ex.o
                0x00000000081013b8                HAL_PWREx_EnterSTOPMode
 .text.HAL_PWREx_ClearPendingEvent
                0x00000000081014ac       0x1a ./Drivers/STM32H7xx_HAL_Driver/stm32h7xx_hal_pwr_ex.o
                0x00000000081014ac                HAL_PWREx_ClearPendingEvent
 *fill*         0x00000000081014c6        0x2 
 .text.HAL_RCC_GetSysClockFreq
                0x00000000081014c8      0x2f4 ./Drivers/STM32H7xx_HAL_Driver/stm32h7xx_hal_rcc.o
                0x00000000081014c8                HAL_RCC_GetSysClockFreq
 .text.__libc_init_array
                0x00000000081017bc       0x48 /Applications/STM32CubeIDE.app/Contents/Eclipse/plugins/com.st.stm32cube.ide.mcu.externaltools.gnu-tools-for-stm32.10.3-2021.10.macos64_1.0.0.202111181127/tools/bin/../lib/gcc/arm-none-eabi/10.3.1/../../../../arm-none-eabi/lib/thumb/v7e-m+fp/hard/libc_nano.a(lib_a-init.o)
                0x00000000081017bc                __libc_init_array
 *(.glue_7)
 .glue_7        0x0000000008101804        0x0 linker stubs
 *(.glue_7t)
 .glue_7t       0x0000000008101804        0x0 linker stubs
 *(.eh_frame)
 .eh_frame      0x0000000008101804        0x0 /Applications/STM32CubeIDE.app/Contents/Eclipse/plugins/com.st.stm32cube.ide.mcu.externaltools.gnu-tools-for-stm32.10.3-2021.10.macos64_1.0.0.202111181127/tools/bin/../lib/gcc/arm-none-eabi/10.3.1/thumb/v7e-m+fp/hard/crtbegin.o
 *(.init)
 .init          0x0000000008101804        0x4 /Applications/STM32CubeIDE.app/Contents/Eclipse/plugins/com.st.stm32cube.ide.mcu.externaltools.gnu-tools-for-stm32.10.3-2021.10.macos64_1.0.0.202111181127/tools/bin/../lib/gcc/arm-none-eabi/10.3.1/thumb/v7e-m+fp/hard/crti.o
                0x0000000008101804                _init
 .init          0x0000000008101808        0x8 /Applications/STM32CubeIDE.app/Contents/Eclipse/plugins/com.st.stm32cube.ide.mcu.externaltools.gnu-tools-for-stm32.10.3-2021.10.macos64_1.0.0.202111181127/tools/bin/../lib/gcc/arm-none-eabi/10.3.1/thumb/v7e-m+fp/hard/crtn.o
 *(.fini)
 .fini          0x0000000008101810        0x4 /Applications/STM32CubeIDE.app/Contents/Eclipse/plugins/com.st.stm32cube.ide.mcu.externaltools.gnu-tools-for-stm32.10.3-2021.10.macos64_1.0.0.202111181127/tools/bin/../lib/gcc/arm-none-eabi/10.3.1/thumb/v7e-m+fp/hard/crti.o
                0x0000000008101810                _fini
 .fini          0x0000000008101814        0x8 /Applications/STM32CubeIDE.app/Contents/Eclipse/plugins/com.st.stm32cube.ide.mcu.externaltools.gnu-tools-for-stm32.10.3-2021.10.macos64_1.0.0.202111181127/tools/bin/../lib/gcc/arm-none-eabi/10.3.1/thumb/v7e-m+fp/hard/crtn.o
                0x000000000810181c                . = ALIGN (0x4)
                0x000000000810181c                _etext = .

.vfp11_veneer   0x000000000810181c        0x0
 .vfp11_veneer  0x000000000810181c        0x0 linker stubs

.v4_bx          0x000000000810181c        0x0
 .v4_bx         0x000000000810181c        0x0 linker stubs

.iplt           0x000000000810181c        0x0
 .iplt          0x000000000810181c        0x0 /Applications/STM32CubeIDE.app/Contents/Eclipse/plugins/com.st.stm32cube.ide.mcu.externaltools.gnu-tools-for-stm32.10.3-2021.10.macos64_1.0.0.202111181127/tools/bin/../lib/gcc/arm-none-eabi/10.3.1/thumb/v7e-m+fp/hard/crtbegin.o

.rodata         0x000000000810181c       0x18
                0x000000000810181c                . = ALIGN (0x4)
 *(.rodata)
 *(.rodata*)
 .rodata.D1CorePrescTable
                0x000000000810181c       0x10 ./Common/Src/system_stm32h7xx_dualcore_boot_cm4_cm7.o
                0x000000000810181c                D1CorePrescTable
 .rodata.flagBitshiftOffset.0
                0x000000000810182c        0x8 ./Drivers/STM32H7xx_HAL_Driver/stm32h7xx_hal_dma.o
                0x0000000008101834                . = ALIGN (0x4)

.rel.dyn        0x0000000008101834        0x0
 .rel.iplt      0x0000000008101834        0x0 /Applications/STM32CubeIDE.app/Contents/Eclipse/plugins/com.st.stm32cube.ide.mcu.externaltools.gnu-tools-for-stm32.10.3-2021.10.macos64_1.0.0.202111181127/tools/bin/../lib/gcc/arm-none-eabi/10.3.1/thumb/v7e-m+fp/hard/crtbegin.o

.ARM.extab
 *(.ARM.extab* .gnu.linkonce.armextab.*)

.ARM            0x0000000008101834        0x0
                0x0000000008101834                __exidx_start = .
 *(.ARM.exidx*)
                0x0000000008101834                __exidx_end = .

.preinit_array  0x0000000008101834        0x0
                0x0000000008101834                PROVIDE (__preinit_array_start = .)
 *(.preinit_array*)
                0x0000000008101834                PROVIDE (__preinit_array_end = .)

.init_array     0x0000000008101834        0x4
                0x0000000008101834                PROVIDE (__init_array_start = .)
 *(SORT_BY_NAME(.init_array.*))
 *(.init_array*)
 .init_array    0x0000000008101834        0x4 /Applications/STM32CubeIDE.app/Contents/Eclipse/plugins/com.st.stm32cube.ide.mcu.externaltools.gnu-tools-for-stm32.10.3-2021.10.macos64_1.0.0.202111181127/tools/bin/../lib/gcc/arm-none-eabi/10.3.1/thumb/v7e-m+fp/hard/crtbegin.o
                0x0000000008101838                PROVIDE (__init_array_end = .)

.fini_array     0x0000000008101838        0x4
                [!provide]                        PROVIDE (__fini_array_start = .)
 *(SORT_BY_NAME(.fini_array.*))
 *(.fini_array*)
 .fini_array    0x0000000008101838        0x4 /Applications/STM32CubeIDE.app/Contents/Eclipse/plugins/com.st.stm32cube.ide.mcu.externaltools.gnu-tools-for-stm32.10.3-2021.10.macos64_1.0.0.202111181127/tools/bin/../lib/gcc/arm-none-eabi/10.3.1/thumb/v7e-m+fp/hard/crtbegin.o
                [!provide]                        PROVIDE (__fini_array_end = .)
                0x000000000810183c                _sidata = LOADADDR (.data)

.data           0x0000000010000000       0x10 load address 0x000000000810183c
                0x0000000010000000                . = ALIGN (0x4)
                0x0000000010000000                _sdata = .
 *(.data)
 *(.data*)
 .data.SystemCoreClock
                0x0000000010000000        0x4 ./Common/Src/system_stm32h7xx_dualcore_boot_cm4_cm7.o
                0x0000000010000000                SystemCoreClock
 .data.SystemD2Clock
                0x0000000010000004        0x4 ./Common/Src/system_stm32h7xx_dualcore_boot_cm4_cm7.o
                0x0000000010000004                SystemD2Clock
 .data.uwTickPrio
                0x0000000010000008        0x4 ./Drivers/STM32H7xx_HAL_Driver/stm32h7xx_hal.o
                0x0000000010000008                uwTickPrio
 .data.uwTickFreq
                0x000000001000000c        0x1 ./Drivers/STM32H7xx_HAL_Driver/stm32h7xx_hal.o
                0x000000001000000c                uwTickFreq
 *(.RamFunc)
 *(.RamFunc*)
                0x0000000010000010                . = ALIGN (0x4)
 *fill*         0x000000001000000d        0x3 
                0x0000000010000010                _edata = .

.igot.plt       0x0000000010000010        0x0 load address 0x000000000810184c
 .igot.plt      0x0000000010000010        0x0 /Applications/STM32CubeIDE.app/Contents/Eclipse/plugins/com.st.stm32cube.ide.mcu.externaltools.gnu-tools-for-stm32.10.3-2021.10.macos64_1.0.0.202111181127/tools/bin/../lib/gcc/arm-none-eabi/10.3.1/thumb/v7e-m+fp/hard/crtbegin.o
                0x0000000010000010                . = ALIGN (0x4)

.bss            0x0000000010000010       0x98 load address 0x000000000810184c
                0x0000000010000010                _sbss = .
                0x0000000010000010                __bss_start__ = _sbss
 *(.bss)
 .bss           0x0000000010000010       0x1c /Applications/STM32CubeIDE.app/Contents/Eclipse/plugins/com.st.stm32cube.ide.mcu.externaltools.gnu-tools-for-stm32.10.3-2021.10.macos64_1.0.0.202111181127/tools/bin/../lib/gcc/arm-none-eabi/10.3.1/thumb/v7e-m+fp/hard/crtbegin.o
 *(.bss*)
 .bss.hdma_memtomem_dma2_stream0
                0x000000001000002c       0x78 ./Core/Src/main.o
                0x000000001000002c                hdma_memtomem_dma2_stream0
 .bss.uwTick    0x00000000100000a4        0x4 ./Drivers/STM32H7xx_HAL_Driver/stm32h7xx_hal.o
                0x00000000100000a4                uwTick
 *(COMMON)
                0x00000000100000a8                . = ALIGN (0x4)
                0x00000000100000a8                _ebss = .
                0x00000000100000a8                __bss_end__ = _ebss

._user_heap_stack
                0x00000000100000a8      0x600 load address 0x000000000810184c
                0x00000000100000a8                . = ALIGN (0x8)
                [!provide]                        PROVIDE (end = .)
                0x00000000100000a8                PROVIDE (_end = .)
                0x00000000100002a8                . = (. + _Min_Heap_Size)
 *fill*         0x00000000100000a8      0x200 
                0x00000000100006a8                . = (. + _Min_Stack_Size)
 *fill*         0x00000000100002a8      0x400 
                0x00000000100006a8                . = ALIGN (0x8)

/DISCARD/
 libc.a(*)
 libm.a(*)
 libgcc.a(*)

.ARM.attributes
                0x0000000000000000       0x30
 *(.ARM.attributes)
 .ARM.attributes
                0x0000000000000000       0x1e /Applications/STM32CubeIDE.app/Contents/Eclipse/plugins/com.st.stm32cube.ide.mcu.externaltools.gnu-tools-for-stm32.10.3-2021.10.macos64_1.0.0.202111181127/tools/bin/../lib/gcc/arm-none-eabi/10.3.1/thumb/v7e-m+fp/hard/crti.o
 .ARM.attributes
                0x000000000000001e       0x34 /Applications/STM32CubeIDE.app/Contents/Eclipse/plugins/com.st.stm32cube.ide.mcu.externaltools.gnu-tools-for-stm32.10.3-2021.10.macos64_1.0.0.202111181127/tools/bin/../lib/gcc/arm-none-eabi/10.3.1/thumb/v7e-m+fp/hard/crtbegin.o
 .ARM.attributes
                0x0000000000000052       0x34 ./Common/Src/system_stm32h7xx_dualcore_boot_cm4_cm7.o
 .ARM.attributes
                0x0000000000000086       0x34 ./Core/Src/main.o
 .ARM.attributes
                0x00000000000000ba       0x34 ./Core/Src/stm32h7xx_hal_msp.o
 .ARM.attributes
                0x00000000000000ee       0x34 ./Core/Src/stm32h7xx_it.o
 .ARM.attributes
                0x0000000000000122       0x21 ./Core/Startup/startup_stm32h745xihx.o
 .ARM.attributes
                0x0000000000000143       0x34 ./Drivers/STM32H7xx_HAL_Driver/stm32h7xx_hal.o
 .ARM.attributes
                0x0000000000000177       0x34 ./Drivers/STM32H7xx_HAL_Driver/stm32h7xx_hal_cortex.o
 .ARM.attributes
                0x00000000000001ab       0x34 ./Drivers/STM32H7xx_HAL_Driver/stm32h7xx_hal_dma.o
 .ARM.attributes
                0x00000000000001df       0x34 ./Drivers/STM32H7xx_HAL_Driver/stm32h7xx_hal_hsem.o
 .ARM.attributes
                0x0000000000000213       0x34 ./Drivers/STM32H7xx_HAL_Driver/stm32h7xx_hal_pwr_ex.o
 .ARM.attributes
                0x0000000000000247       0x34 ./Drivers/STM32H7xx_HAL_Driver/stm32h7xx_hal_rcc.o
 .ARM.attributes
                0x000000000000027b       0x34 /Applications/STM32CubeIDE.app/Contents/Eclipse/plugins/com.st.stm32cube.ide.mcu.externaltools.gnu-tools-for-stm32.10.3-2021.10.macos64_1.0.0.202111181127/tools/bin/../lib/gcc/arm-none-eabi/10.3.1/../../../../arm-none-eabi/lib/thumb/v7e-m+fp/hard/libc_nano.a(lib_a-init.o)
 .ARM.attributes
                0x00000000000002af       0x1e /Applications/STM32CubeIDE.app/Contents/Eclipse/plugins/com.st.stm32cube.ide.mcu.externaltools.gnu-tools-for-stm32.10.3-2021.10.macos64_1.0.0.202111181127/tools/bin/../lib/gcc/arm-none-eabi/10.3.1/thumb/v7e-m+fp/hard/crtn.o
OUTPUT(STM32H745I-InternTests_CM4.elf elf32-littlearm)
LOAD linker stubs
LOAD /Applications/STM32CubeIDE.app/Contents/Eclipse/plugins/com.st.stm32cube.ide.mcu.externaltools.gnu-tools-for-stm32.10.3-2021.10.macos64_1.0.0.202111181127/tools/bin/../lib/gcc/arm-none-eabi/10.3.1/../../../../arm-none-eabi/lib/thumb/v7e-m+fp/hard/libc.a
LOAD /Applications/STM32CubeIDE.app/Contents/Eclipse/plugins/com.st.stm32cube.ide.mcu.externaltools.gnu-tools-for-stm32.10.3-2021.10.macos64_1.0.0.202111181127/tools/bin/../lib/gcc/arm-none-eabi/10.3.1/../../../../arm-none-eabi/lib/thumb/v7e-m+fp/hard/libm.a
LOAD /Applications/STM32CubeIDE.app/Contents/Eclipse/plugins/com.st.stm32cube.ide.mcu.externaltools.gnu-tools-for-stm32.10.3-2021.10.macos64_1.0.0.202111181127/tools/bin/../lib/gcc/arm-none-eabi/10.3.1/thumb/v7e-m+fp/hard/libgcc.a

.debug_info     0x0000000000000000     0x728e
 .debug_info    0x0000000000000000      0x779 ./Common/Src/system_stm32h7xx_dualcore_boot_cm4_cm7.o
 .debug_info    0x0000000000000779      0xc07 ./Core/Src/main.o
 .debug_info    0x0000000000001380      0x4a4 ./Core/Src/stm32h7xx_hal_msp.o
 .debug_info    0x0000000000001824      0x137 ./Core/Src/stm32h7xx_it.o
 .debug_info    0x000000000000195b       0x22 ./Core/Startup/startup_stm32h745xihx.o
 .debug_info    0x000000000000197d     0x1865 ./Drivers/STM32H7xx_HAL_Driver/stm32h7xx_hal.o
 .debug_info    0x00000000000031e2      0xfac ./Drivers/STM32H7xx_HAL_Driver/stm32h7xx_hal_cortex.o
 .debug_info    0x000000000000418e      0xce8 ./Drivers/STM32H7xx_HAL_Driver/stm32h7xx_hal_dma.o
 .debug_info    0x0000000000004e76      0x3fd ./Drivers/STM32H7xx_HAL_Driver/stm32h7xx_hal_hsem.o
 .debug_info    0x0000000000005273     0x10d3 ./Drivers/STM32H7xx_HAL_Driver/stm32h7xx_hal_pwr_ex.o
 .debug_info    0x0000000000006346      0xf48 ./Drivers/STM32H7xx_HAL_Driver/stm32h7xx_hal_rcc.o

.debug_abbrev   0x0000000000000000     0x1414
 .debug_abbrev  0x0000000000000000      0x136 ./Common/Src/system_stm32h7xx_dualcore_boot_cm4_cm7.o
 .debug_abbrev  0x0000000000000136      0x246 ./Core/Src/main.o
 .debug_abbrev  0x000000000000037c       0xda ./Core/Src/stm32h7xx_hal_msp.o
 .debug_abbrev  0x0000000000000456       0x74 ./Core/Src/stm32h7xx_it.o
 .debug_abbrev  0x00000000000004ca       0x12 ./Core/Startup/startup_stm32h745xihx.o
 .debug_abbrev  0x00000000000004dc      0x292 ./Drivers/STM32H7xx_HAL_Driver/stm32h7xx_hal.o
 .debug_abbrev  0x000000000000076e      0x329 ./Drivers/STM32H7xx_HAL_Driver/stm32h7xx_hal_cortex.o
 .debug_abbrev  0x0000000000000a97      0x239 ./Drivers/STM32H7xx_HAL_Driver/stm32h7xx_hal_dma.o
 .debug_abbrev  0x0000000000000cd0      0x1d0 ./Drivers/STM32H7xx_HAL_Driver/stm32h7xx_hal_hsem.o
 .debug_abbrev  0x0000000000000ea0      0x2bc ./Drivers/STM32H7xx_HAL_Driver/stm32h7xx_hal_pwr_ex.o
 .debug_abbrev  0x000000000000115c      0x2b8 ./Drivers/STM32H7xx_HAL_Driver/stm32h7xx_hal_rcc.o

.debug_aranges  0x0000000000000000      0x728
 .debug_aranges
                0x0000000000000000       0x28 ./Common/Src/system_stm32h7xx_dualcore_boot_cm4_cm7.o
 .debug_aranges
                0x0000000000000028       0x30 ./Core/Src/main.o
 .debug_aranges
                0x0000000000000058       0x20 ./Core/Src/stm32h7xx_hal_msp.o
 .debug_aranges
                0x0000000000000078       0x60 ./Core/Src/stm32h7xx_it.o
 .debug_aranges
                0x00000000000000d8       0x28 ./Core/Startup/startup_stm32h745xihx.o
 .debug_aranges
                0x0000000000000100      0x200 ./Drivers/STM32H7xx_HAL_Driver/stm32h7xx_hal.o
 .debug_aranges
                0x0000000000000300      0x120 ./Drivers/STM32H7xx_HAL_Driver/stm32h7xx_hal_cortex.o
 .debug_aranges
                0x0000000000000420       0xa0 ./Drivers/STM32H7xx_HAL_Driver/stm32h7xx_hal_dma.o
 .debug_aranges
                0x00000000000004c0       0x70 ./Drivers/STM32H7xx_HAL_Driver/stm32h7xx_hal_hsem.o
 .debug_aranges
                0x0000000000000530      0x170 ./Drivers/STM32H7xx_HAL_Driver/stm32h7xx_hal_pwr_ex.o
 .debug_aranges
                0x00000000000006a0       0x88 ./Drivers/STM32H7xx_HAL_Driver/stm32h7xx_hal_rcc.o

.debug_ranges   0x0000000000000000      0x680
 .debug_ranges  0x0000000000000000       0x18 ./Common/Src/system_stm32h7xx_dualcore_boot_cm4_cm7.o
 .debug_ranges  0x0000000000000018       0x20 ./Core/Src/main.o
 .debug_ranges  0x0000000000000038       0x10 ./Core/Src/stm32h7xx_hal_msp.o
 .debug_ranges  0x0000000000000048       0x50 ./Core/Src/stm32h7xx_it.o
 .debug_ranges  0x0000000000000098       0x20 ./Core/Startup/startup_stm32h745xihx.o
 .debug_ranges  0x00000000000000b8      0x1f0 ./Drivers/STM32H7xx_HAL_Driver/stm32h7xx_hal.o
 .debug_ranges  0x00000000000002a8      0x110 ./Drivers/STM32H7xx_HAL_Driver/stm32h7xx_hal_cortex.o
 .debug_ranges  0x00000000000003b8       0x90 ./Drivers/STM32H7xx_HAL_Driver/stm32h7xx_hal_dma.o
 .debug_ranges  0x0000000000000448       0x60 ./Drivers/STM32H7xx_HAL_Driver/stm32h7xx_hal_hsem.o
 .debug_ranges  0x00000000000004a8      0x160 ./Drivers/STM32H7xx_HAL_Driver/stm32h7xx_hal_pwr_ex.o
 .debug_ranges  0x0000000000000608       0x78 ./Drivers/STM32H7xx_HAL_Driver/stm32h7xx_hal_rcc.o

.debug_macro    0x0000000000000000    0x37195
 .debug_macro   0x0000000000000000      0x282 ./Common/Src/system_stm32h7xx_dualcore_boot_cm4_cm7.o
 .debug_macro   0x0000000000000282      0xa7e ./Common/Src/system_stm32h7xx_dualcore_boot_cm4_cm7.o
 .debug_macro   0x0000000000000d00       0x2e ./Common/Src/system_stm32h7xx_dualcore_boot_cm4_cm7.o
 .debug_macro   0x0000000000000d2e       0x3b ./Common/Src/system_stm32h7xx_dualcore_boot_cm4_cm7.o
 .debug_macro   0x0000000000000d69       0x22 ./Common/Src/system_stm32h7xx_dualcore_boot_cm4_cm7.o
 .debug_macro   0x0000000000000d8b       0x8e ./Common/Src/system_stm32h7xx_dualcore_boot_cm4_cm7.o
 .debug_macro   0x0000000000000e19       0x51 ./Common/Src/system_stm32h7xx_dualcore_boot_cm4_cm7.o
 .debug_macro   0x0000000000000e6a      0x103 ./Common/Src/system_stm32h7xx_dualcore_boot_cm4_cm7.o
 .debug_macro   0x0000000000000f6d       0x6a ./Common/Src/system_stm32h7xx_dualcore_boot_cm4_cm7.o
 .debug_macro   0x0000000000000fd7      0x1df ./Common/Src/system_stm32h7xx_dualcore_boot_cm4_cm7.o
 .debug_macro   0x00000000000011b6       0x1c ./Common/Src/system_stm32h7xx_dualcore_boot_cm4_cm7.o
 .debug_macro   0x00000000000011d2       0x22 ./Common/Src/system_stm32h7xx_dualcore_boot_cm4_cm7.o
 .debug_macro   0x00000000000011f4       0xfb ./Common/Src/system_stm32h7xx_dualcore_boot_cm4_cm7.o
 .debug_macro   0x00000000000012ef     0x1011 ./Common/Src/system_stm32h7xx_dualcore_boot_cm4_cm7.o
 .debug_macro   0x0000000000002300      0x11f ./Common/Src/system_stm32h7xx_dualcore_boot_cm4_cm7.o
 .debug_macro   0x000000000000241f    0x26d3b ./Common/Src/system_stm32h7xx_dualcore_boot_cm4_cm7.o
 .debug_macro   0x000000000002915a       0x6d ./Common/Src/system_stm32h7xx_dualcore_boot_cm4_cm7.o
 .debug_macro   0x00000000000291c7      0x22c ./Common/Src/system_stm32h7xx_dualcore_boot_cm4_cm7.o
 .debug_macro   0x00000000000293f3     0x3d22 ./Common/Src/system_stm32h7xx_dualcore_boot_cm4_cm7.o
 .debug_macro   0x000000000002d115      0x174 ./Common/Src/system_stm32h7xx_dualcore_boot_cm4_cm7.o
 .debug_macro   0x000000000002d289       0x52 ./Common/Src/system_stm32h7xx_dualcore_boot_cm4_cm7.o
 .debug_macro   0x000000000002d2db       0x1e ./Common/Src/system_stm32h7xx_dualcore_boot_cm4_cm7.o
 .debug_macro   0x000000000002d2f9       0x3c ./Common/Src/system_stm32h7xx_dualcore_boot_cm4_cm7.o
 .debug_macro   0x000000000002d335       0x34 ./Common/Src/system_stm32h7xx_dualcore_boot_cm4_cm7.o
 .debug_macro   0x000000000002d369       0x16 ./Common/Src/system_stm32h7xx_dualcore_boot_cm4_cm7.o
 .debug_macro   0x000000000002d37f       0x43 ./Common/Src/system_stm32h7xx_dualcore_boot_cm4_cm7.o
 .debug_macro   0x000000000002d3c2       0x34 ./Common/Src/system_stm32h7xx_dualcore_boot_cm4_cm7.o
 .debug_macro   0x000000000002d3f6       0x10 ./Common/Src/system_stm32h7xx_dualcore_boot_cm4_cm7.o
 .debug_macro   0x000000000002d406       0x58 ./Common/Src/system_stm32h7xx_dualcore_boot_cm4_cm7.o
 .debug_macro   0x000000000002d45e       0x71 ./Common/Src/system_stm32h7xx_dualcore_boot_cm4_cm7.o
 .debug_macro   0x000000000002d4cf       0x1c ./Common/Src/system_stm32h7xx_dualcore_boot_cm4_cm7.o
 .debug_macro   0x000000000002d4eb      0x12a ./Common/Src/system_stm32h7xx_dualcore_boot_cm4_cm7.o
 .debug_macro   0x000000000002d615      0x341 ./Common/Src/system_stm32h7xx_dualcore_boot_cm4_cm7.o
 .debug_macro   0x000000000002d956      0x19b ./Common/Src/system_stm32h7xx_dualcore_boot_cm4_cm7.o
 .debug_macro   0x000000000002daf1       0x5d ./Common/Src/system_stm32h7xx_dualcore_boot_cm4_cm7.o
 .debug_macro   0x000000000002db4e     0x3a9d ./Common/Src/system_stm32h7xx_dualcore_boot_cm4_cm7.o
 .debug_macro   0x00000000000315eb     0x1048 ./Common/Src/system_stm32h7xx_dualcore_boot_cm4_cm7.o
 .debug_macro   0x0000000000032633      0x14d ./Common/Src/system_stm32h7xx_dualcore_boot_cm4_cm7.o
 .debug_macro   0x0000000000032780      0x130 ./Common/Src/system_stm32h7xx_dualcore_boot_cm4_cm7.o
 .debug_macro   0x00000000000328b0      0x3be ./Common/Src/system_stm32h7xx_dualcore_boot_cm4_cm7.o
 .debug_macro   0x0000000000032c6e       0xac ./Common/Src/system_stm32h7xx_dualcore_boot_cm4_cm7.o
 .debug_macro   0x0000000000032d1a      0x72d ./Common/Src/system_stm32h7xx_dualcore_boot_cm4_cm7.o
 .debug_macro   0x0000000000033447      0x228 ./Common/Src/system_stm32h7xx_dualcore_boot_cm4_cm7.o
 .debug_macro   0x000000000003366f       0x66 ./Common/Src/system_stm32h7xx_dualcore_boot_cm4_cm7.o
 .debug_macro   0x00000000000336d5      0x3bb ./Common/Src/system_stm32h7xx_dualcore_boot_cm4_cm7.o
 .debug_macro   0x0000000000033a90      0x407 ./Common/Src/system_stm32h7xx_dualcore_boot_cm4_cm7.o
 .debug_macro   0x0000000000033e97      0x244 ./Common/Src/system_stm32h7xx_dualcore_boot_cm4_cm7.o
 .debug_macro   0x00000000000340db      0x3ca ./Common/Src/system_stm32h7xx_dualcore_boot_cm4_cm7.o
 .debug_macro   0x00000000000344a5      0x4a2 ./Common/Src/system_stm32h7xx_dualcore_boot_cm4_cm7.o
 .debug_macro   0x0000000000034947       0x51 ./Common/Src/system_stm32h7xx_dualcore_boot_cm4_cm7.o
 .debug_macro   0x0000000000034998       0x4a ./Common/Src/system_stm32h7xx_dualcore_boot_cm4_cm7.o
 .debug_macro   0x00000000000349e2      0x22c ./Common/Src/system_stm32h7xx_dualcore_boot_cm4_cm7.o
 .debug_macro   0x0000000000034c0e       0x67 ./Common/Src/system_stm32h7xx_dualcore_boot_cm4_cm7.o
 .debug_macro   0x0000000000034c75       0xa5 ./Common/Src/system_stm32h7xx_dualcore_boot_cm4_cm7.o
 .debug_macro   0x0000000000034d1a      0x218 ./Common/Src/system_stm32h7xx_dualcore_boot_cm4_cm7.o
 .debug_macro   0x0000000000034f32      0x2ea ./Common/Src/system_stm32h7xx_dualcore_boot_cm4_cm7.o
 .debug_macro   0x000000000003521c       0x35 ./Common/Src/system_stm32h7xx_dualcore_boot_cm4_cm7.o
 .debug_macro   0x0000000000035251      0x798 ./Common/Src/system_stm32h7xx_dualcore_boot_cm4_cm7.o
 .debug_macro   0x00000000000359e9      0x292 ./Core/Src/main.o
 .debug_macro   0x0000000000035c7b      0x28c ./Core/Src/stm32h7xx_hal_msp.o
 .debug_macro   0x0000000000035f07      0x296 ./Core/Src/stm32h7xx_it.o
 .debug_macro   0x000000000003619d      0x2ac ./Drivers/STM32H7xx_HAL_Driver/stm32h7xx_hal.o
 .debug_macro   0x0000000000036449      0x282 ./Drivers/STM32H7xx_HAL_Driver/stm32h7xx_hal_cortex.o
 .debug_macro   0x00000000000366cb      0x2d5 ./Drivers/STM32H7xx_HAL_Driver/stm32h7xx_hal_dma.o
 .debug_macro   0x00000000000369a0      0x294 ./Drivers/STM32H7xx_HAL_Driver/stm32h7xx_hal_hsem.o
 .debug_macro   0x0000000000036c34      0x2bb ./Drivers/STM32H7xx_HAL_Driver/stm32h7xx_hal_pwr_ex.o
 .debug_macro   0x0000000000036eef      0x2a6 ./Drivers/STM32H7xx_HAL_Driver/stm32h7xx_hal_rcc.o

.debug_line     0x0000000000000000     0x969a
 .debug_line    0x0000000000000000      0x9b8 ./Common/Src/system_stm32h7xx_dualcore_boot_cm4_cm7.o
 .debug_line    0x00000000000009b8      0x8a0 ./Core/Src/main.o
 .debug_line    0x0000000000001258      0x829 ./Core/Src/stm32h7xx_hal_msp.o
 .debug_line    0x0000000000001a81      0x8ed ./Core/Src/stm32h7xx_it.o
 .debug_line    0x000000000000236e       0x88 ./Core/Startup/startup_stm32h745xihx.o
 .debug_line    0x00000000000023f6      0xf79 ./Drivers/STM32H7xx_HAL_Driver/stm32h7xx_hal.o
 .debug_line    0x000000000000336f      0xe29 ./Drivers/STM32H7xx_HAL_Driver/stm32h7xx_hal_cortex.o
 .debug_line    0x0000000000004198     0x2760 ./Drivers/STM32H7xx_HAL_Driver/stm32h7xx_hal_dma.o
 .debug_line    0x00000000000068f8      0x9d9 ./Drivers/STM32H7xx_HAL_Driver/stm32h7xx_hal_hsem.o
 .debug_line    0x00000000000072d1     0x1044 ./Drivers/STM32H7xx_HAL_Driver/stm32h7xx_hal_pwr_ex.o
 .debug_line    0x0000000000008315     0x1385 ./Drivers/STM32H7xx_HAL_Driver/stm32h7xx_hal_rcc.o

.debug_str      0x0000000000000000   0x16e79b
 .debug_str     0x0000000000000000   0x16b465 ./Common/Src/system_stm32h7xx_dualcore_boot_cm4_cm7.o
                                     0x16b8a7 (size before relaxing)
 .debug_str     0x000000000016b465      0x450 ./Core/Src/main.o
                                     0x16bc29 (size before relaxing)
 .debug_str     0x000000000016b8b5       0x2c ./Core/Src/stm32h7xx_hal_msp.o
                                     0x16b75d (size before relaxing)
 .debug_str     0x000000000016b8e1       0xc9 ./Core/Src/stm32h7xx_it.o
                                     0x16b5bc (size before relaxing)
 .debug_str     0x000000000016b9aa       0x36 ./Core/Startup/startup_stm32h745xihx.o
                                         0x82 (size before relaxing)
 .debug_str     0x000000000016b9e0     0x12cc ./Drivers/STM32H7xx_HAL_Driver/stm32h7xx_hal.o
                                     0x16cc0e (size before relaxing)
 .debug_str     0x000000000016ccac      0x3a3 ./Drivers/STM32H7xx_HAL_Driver/stm32h7xx_hal_cortex.o
                                     0x16c35c (size before relaxing)
 .debug_str     0x000000000016d04f      0x8c8 ./Drivers/STM32H7xx_HAL_Driver/stm32h7xx_hal_dma.o
                                     0x16c20b (size before relaxing)
 .debug_str     0x000000000016d917      0x1e2 ./Drivers/STM32H7xx_HAL_Driver/stm32h7xx_hal_hsem.o
                                     0x16b787 (size before relaxing)
 .debug_str     0x000000000016daf9      0x6e1 ./Drivers/STM32H7xx_HAL_Driver/stm32h7xx_hal_pwr_ex.o
                                     0x16bf52 (size before relaxing)
 .debug_str     0x000000000016e1da      0x5c1 ./Drivers/STM32H7xx_HAL_Driver/stm32h7xx_hal_rcc.o
                                     0x16be7d (size before relaxing)

.comment        0x0000000000000000       0x50
 .comment       0x0000000000000000       0x50 ./Common/Src/system_stm32h7xx_dualcore_boot_cm4_cm7.o
                                         0x51 (size before relaxing)
 .comment       0x0000000000000050       0x51 ./Core/Src/main.o
 .comment       0x0000000000000050       0x51 ./Core/Src/stm32h7xx_hal_msp.o
 .comment       0x0000000000000050       0x51 ./Core/Src/stm32h7xx_it.o
 .comment       0x0000000000000050       0x51 ./Drivers/STM32H7xx_HAL_Driver/stm32h7xx_hal.o
 .comment       0x0000000000000050       0x51 ./Drivers/STM32H7xx_HAL_Driver/stm32h7xx_hal_cortex.o
 .comment       0x0000000000000050       0x51 ./Drivers/STM32H7xx_HAL_Driver/stm32h7xx_hal_dma.o
 .comment       0x0000000000000050       0x51 ./Drivers/STM32H7xx_HAL_Driver/stm32h7xx_hal_hsem.o
 .comment       0x0000000000000050       0x51 ./Drivers/STM32H7xx_HAL_Driver/stm32h7xx_hal_pwr_ex.o
 .comment       0x0000000000000050       0x51 ./Drivers/STM32H7xx_HAL_Driver/stm32h7xx_hal_rcc.o

.debug_frame    0x0000000000000000     0x1b80
 .debug_frame   0x0000000000000000       0x58 ./Common/Src/system_stm32h7xx_dualcore_boot_cm4_cm7.o
 .debug_frame   0x0000000000000058       0x6c ./Core/Src/main.o
 .debug_frame   0x00000000000000c4       0x38 ./Core/Src/stm32h7xx_hal_msp.o
 .debug_frame   0x00000000000000fc      0x104 ./Core/Src/stm32h7xx_it.o
 .debug_frame   0x0000000000000200      0x848 ./Drivers/STM32H7xx_HAL_Driver/stm32h7xx_hal.o
 .debug_frame   0x0000000000000a48      0x4b8 ./Drivers/STM32H7xx_HAL_Driver/stm32h7xx_hal_cortex.o
 .debug_frame   0x0000000000000f00      0x2b4 ./Drivers/STM32H7xx_HAL_Driver/stm32h7xx_hal_dma.o
 .debug_frame   0x00000000000011b4      0x1bc ./Drivers/STM32H7xx_HAL_Driver/stm32h7xx_hal_hsem.o
 .debug_frame   0x0000000000001370      0x5ec ./Drivers/STM32H7xx_HAL_Driver/stm32h7xx_hal_pwr_ex.o
 .debug_frame   0x000000000000195c      0x1f8 ./Drivers/STM32H7xx_HAL_Driver/stm32h7xx_hal_rcc.o
 .debug_frame   0x0000000000001b54       0x2c /Applications/STM32CubeIDE.app/Contents/Eclipse/plugins/com.st.stm32cube.ide.mcu.externaltools.gnu-tools-for-stm32.10.3-2021.10.macos64_1.0.0.202111181127/tools/bin/../lib/gcc/arm-none-eabi/10.3.1/../../../../arm-none-eabi/lib/thumb/v7e-m+fp/hard/libc_nano.a(lib_a-init.o)
